== LIVE PROMPT LINES (the lowest PS target on the frame; OCR = what the tracker read; then each run's second reading, "" = empty, None = no reading)

smoke F155 b44 OCR: 'PS C:\\Users\\msadmin> az login'
  100: overlay s-r1: 'PS C:\\Users\\msadmin> a_ login' | s-r2: 'PS C:\\Users\\msadmin> a'   coords ct-r1: 'PS C:\\Users\\msadmin> a login' | ct-r2: 'PS C:\\Users\\msadmin> a login'
  067: overlay s-r1: 'PS C:\\Users\\msadmin> a login' | s-r2: 'PS C:\\Users\\msadmin> az login'   coords ct-r1: 'PS C:\\Users\\msadmin> a' | ct-r2: 'PS C:\\Users\\msadmin> a_ login'
  050: overlay s-r1: 'PS C:\\Users\\msadmin>' | s-r2: 'PS C:\\Users\\msadmin>'   coords ct-r1: 'PS C:\\Users\\msadmin>' | ct-r2: 'PS C:\\Users\\msadmin>'
  040: overlay s-r1: '00000000-0000-0000-0000-000000000000' | s-r2: ''   coords ct-r1: 'PS C:\\Users\\mcadmin>' | ct-r2: ''
  030: overlay s-r1: 'Essentials' | s-r2: 'Southeast Asia'   coords ct-r1: 'PS C:\\Users\\?>' | ct-r2: 'PS C:\\Users\\labuser>'
  025: overlay s-r1: 'PS C:\\Users\\Administrator>' | s-r2: 'PS C:\\Users\\Administrator>'   coords ct-r1: '?' | ct-r2: '?'
  020: overlay s-r1: '?' | s-r2: 'Kubernetes version'   coords ct-r1: '?' | ct-r2: ''

span2 F155 b44 OCR: 'PS C:\\Users\\msadmin> az login'
  100: overlay s-r1: 'PS C:\\Users\\msadmin> a login' | s-r2: 'PS C:\\Users\\msadmin> a login'   coords ct-r1: 'PS C:\\Users\\msadmin> a login' | ct-r2: 'PS C:\\Users\\msadmin> a  login'
  067: overlay s-r1: 'PS C:\\Users\\msadmin> a' | s-r2: 'PS C:\\Users\\msadmin> a'   coords ct-r1: 'PS C:\\Users\\msadmin> a  login' | ct-r2: 'PS C:\\Users\\msadmin> a login'
  050: overlay s-r1: 'PS C:\\Users\\msadmin>' | s-r2: 'PS C:\\Users\\msadmin>'   coords ct-r1: 'PS C:\\Users\\msadmin>' | ct-r2: 'PS C:\\Users\\msadmin>'
  040: overlay s-r1: '' | s-r2: 'Subscription'   coords ct-r1: 'PS C:\\Users\\msadmin> login' | ct-r2: 'PS C:\\Users\\msadmin> _'
  030: overlay s-r1: '' | s-r2: 'Succeeded (Running)'   coords ct-r1: 'PS C:\\Users\\?>' | ct-r2: 'PS C:\\Users\\kkuser>'
  025: overlay s-r1: 'PS C:\\WINDOWS\\system32>' | s-r2: 'Microsoft Defender for Cloud'   coords ct-r1: 'PS C:\\WINDOWS\\system32>' | ct-r2: ''
  020: overlay s-r1: '?' | s-r2: 'Administrator: Windows PowerShell'   coords ct-r1: '' | ct-r2: ''

span2 F161 b78 OCR: 'PS C:\\Users\\msadmin>az configure --defaults group=RG1-KodeKloud-AKS'
  100: overlay s-r1: 'PS C:\\Users\\msadmin> az configure --defaults group=RG1-KodeKloud-AKS' | s-r2: 'PS C:\\Users\\msadmin> az configure --defaults group=RG1-KodeKloud-AKS'   coords ct-r1: 'PS C:\\Users\\msadmin> az configure --defaults group=RG1-KodeKloud-AKS' | ct-r2: 'PS C:\\Users\\msadmin> az configure --defaults group=RG1-KodeKloud-AKS'
  067: overlay s-r1: 'PS C:\\Users\\msadmin> az configure --defaults group=RG1-KodeKloud-AKS' | s-r2: 'PS C:\\Users\\msadmin> az configure --defaults group=RG1-KodeKloud-AKS'   coords ct-r1: 'PS C:\\Users\\msadmin> az configure --defaults group=RG1-KodeKloud-AKS' | ct-r2: 'PS C:\\Users\\msadmin> az configure --defaults group=RG1-KodeKloud-AKS'
  050: overlay s-r1: 'PS C:\\Users\\msadmin> az configure --defaults group=RG1-KodeKloud-AKS' | s-r2: 'PS C:\\Users\\msadmin> az configure --defaults group=RG1-KodeKloud-AKS'   coords ct-r1: 'PS C:\\Users\\msadmin> az configure --defaults group=RG1-KodeKloud-AKS' | ct-r2: 'PS C:\\Users\\msadmin> az configure --defaults group=RG1-KodeKloud-AKS'
  040: overlay s-r1: 'PS C:\\Users\\msadmin> az configure --defaults group=RG1-kodekloud-AKS' | s-r2: 'PS C:\\Users\\msadmin> az configure --defaults group=AKS-kodekloud-AKS'   coords ct-r1: 'PS C:\\Users\\msadmin> az configure --defaults group=RG1-kodekloud-AKS' | ct-r2: 'PS C:\\Users\\msadmin> az configure --defaults group=AKS1-kodekloud-AKS'
  030: overlay s-r1: 'PS C:\\Users\\azadmin> az aks --flags --details-groups AKS-KodeCloud-AKS' | s-r2: 'PS C:\\Users\\azureAdmin> az aks ?????? --?????? --resource-group AKS-KodeCloud-RG'   coords ct-r1: 'PS C:\\Users\\azadmin> az ??????? --details group=AKS-kodecloud-AKS' | ct-r2: 'PS C:\\Users\\akashWin> az ????? --details group=AKS-kodecloud-AKS'
  025: overlay s-r1: '?' | s-r2: 'PS C:\\Users\\meu>'   coords ct-r1: 'PS C:\\Users\\vscode>' | ct-r2: 'PS /home/????????> ?'
  020: overlay s-r1: '?' | s-r2: 'PS C:\\>'   coords ct-r1: 'PS /home/user> ????????' | ct-r2: '?'

span2 F165 b80 OCR: 'PS C:\\Users\\msadmin> az aks scale --resource-group RG1-KodeKloud-AKS'
  100: overlay s-r1: 'PS C:\\Users\\msadmin> az ak  scale --resource-group RG1-KodeKloud-AKS' | s-r2: 'PS C:\\Users\\msadmin> az ak scale --resource-group RG1-KodeKloud-AKS'   coords ct-r1: 'PS C:\\Users\\msadmin> az ak scale --resource-group RG1-KodeKloud-AKS' | ct-r2: 'PS C:\\Users\\msadmin> az aks scale --resource-group'
  067: overlay s-r1: 'PS C:\\Users\\msadmin> az ak_ scale --resource-group RG1-KodeKloud-AKS' | s-r2: 'PS C:\\Users\\msadmin> az ak_ scale --resource-group RG1-KodeKloud-AKS'   coords ct-r1: 'PS C:\\Users\\msadmin> az ak' | ct-r2: 'PS C:\\Users\\msadmin> az ak_scale --resource-group RG1-KodeKloud-AKS'
  050: overlay s-r1: '' | s-r2: ''   coords ct-r1: 'PS C:\\Users\\msadmin> az ak_ scale --resource-group RG1-KodeKloud-AKS' | ct-r2: 'PS C:\\Users\\msadmin> az ak_ scale --resource-group'
  040: overlay s-r1: 'PS C:\\Users\\msadmin> az ak' | s-r2: 'Not enabled'   coords ct-r1: 'PS C:\\Users\\msadmin> az aks' | ct-r2: 'PS C:\\Users\\msadmin> az aks'
  030: overlay s-r1: 'PS C:\\Users\\AkaadWin> az aks scale --resource-group RG1-KodeKloud-AKS --name aks1-kodekloudapp' | s-r2: 'PS C:\\Users\\AkaadWin> az aks nodepool list --resource-group RG1-KodeKloud-AKS --cluster-name AKS1-KodeKloud'   coords ct-r1: 'PS C:\\Users\\Akaam2n> az aks ?????? ???? --resource-group' | ct-r2: 'PS C:\\Users\\AksAdmin> az aks --resource-group RG1-KodeKloud-AKS --name AKS1-KodeKloudApp'
  025: overlay s-r1: '' | s-r2: ''   coords ct-r1: 'PS C:\\Users\\kkoedeu> az aks ?' | ct-r2: 'PS C:\\Users\\kodekloud> az aks get-credentials --resource-group'
  020: overlay s-r1: '?' | s-r2: '?'   coords ct-r1: 'user@Azure:~$ az aks get-credentials --resource-group' | ct-r2: 'user@Azure:~$ az aks get-credentials'

span2 F166 b80 OCR: 'PS C:\\Users\\msadmin> az aks get_Credentials --name AKS1-KodeKloudApp'
  100: overlay s-r1: 'PS C:\\Users\\msadmin> az aks get_credentials --name AKS1-KodeKloudApp' | s-r2: 'PS C:\\Users\\msadmin> az aks get_credentials --name AKS1-KodeKloudApp'   coords ct-r1: 'PS C:\\Users\\msadmin> az aks get-credentials --name AKS1-KodeKloudApp' | ct-r2: 'PS C:\\Users\\msadmin> az aks get_credentials --name AKS1-KodeKloudApp'
  067: overlay s-r1: 'PS C:\\Users\\msadmin> az aks get-credentials --name AKS1-KodeKloudApp' | s-r2: 'PS C:\\Users\\msadmin> az aks get-credentials --name AKS1-KodeKloudApp'   coords ct-r1: 'PS C:\\Users\\msadmin> az aks get-credentials --name AKS1-KodeKloudApp' | ct-r2: 'PS C:\\Users\\msadmin> az aks get-credentials --name AKS1-KodeKloudApp'
  050: overlay s-r1: 'PS C:\\Users\\msadmin> az aks get-credentials --name AKS1-KodeKloudApp' | s-r2: 'PS C:\\Users\\msadmin> az aks get-credentials --name AKS1-KodeKloudApp'   coords ct-r1: 'PS C:\\Users\\msadmin> az aks get-credentials --name AKS1-KodeKloudApp' | ct-r2: 'PS C:\\Users\\msadmin> az aks get-credentials --name AKS1-KodeKloudApp'
  040: overlay s-r1: 'Not enabled' | s-r2: 'enabled'   coords ct-r1: 'PS C:\\Users\\msadmin> az aks get-credentials --name AKS1-KodeKloudApp' | ct-r2: 'PS C:\\Users\\msadmin> az aks get-credentials --name AKS1-KodeKloudApp'
  030: overlay s-r1: 'PS' | s-r2: 'PS'   coords ct-r1: 'PS C:\\Users\\WinAdmin> az ge_' | ct-r2: 'PS C:\\Users\\ancab> az ge_'
  025: overlay s-r1: 'PS C:\\Users\\msadmin>' | s-r2: 'PS C:\\Users\\?>'   coords ct-r1: 'PS C:\\Users\\user> az aks ge?' | ct-r2: 'PS C:\\Users\\me> az aks ge?'
  020: overlay s-r1: '?' | s-r2: '?'   coords ct-r1: 'user@Azure:~$ az ???? ???? ????' | ct-r2: '?????@Azure:~$ az aks ?????????????? --resource-group ????????'

span2 F172 b91 OCR: 'PSC:\\Users\\msadmin> kubect1rollout undo deployment/kodekloudapp'
  100: overlay s-r1: 'PS C:\\Users\\msadmin> kubect rollout undo deployment/kodekloudapp' | s-r2: 'PS C:\\Users\\msadmin> kubect_ rollout undo deployment/kodekloudapp'   coords ct-r1: 'PS C:\\Users\\msadmin> kubect_ rollout undo deployment/kodekloudapp' | ct-r2: 'PS C:\\Users\\msadmin> kubect rollout undo deployment/kodekloudapp'
  067: overlay s-r1: 'PS C:\\Users\\msadmin> kubectl rollout undo deployment/kodekloudapp' | s-r2: 'PS C:\\Users\\msadmin> kubect_ rollout undo deployment/kodekloudapp'   coords ct-r1: 'Merged "AKS1-KodeKloudApp" as current context in C:\\Users\\msadmin\\.kube\\config' | ct-r2: 'Merged "AKS1-KodeKloudApp" as current context in C:\\Users\\msadmin\\.kube\\config'
  050: overlay s-r1: 'PS C:\\Users\\msadmin> kubect_ rollout undo deployment/kodekloudapp' | s-r2: 'PS C:\\Users\\msadmin> kubect rollout undo deployment/kodekloudapp'   coords ct-r1: 'Merged "AKS1-KodeKloudApp" as current context in C:\\Users\\msadmin\\.kube\\config' | ct-r2: 'PS C:\\Users\\msadmin> kubectl rollout undo deployment/kodekloudapp'
  040: overlay s-r1: 'PS C:\\Users\\msadmin> kubectl' | s-r2: ''   coords ct-r1: 'PS C:\\Users\\msadmin> kubectl get deployment/kubekloudadmin' | ct-r2: 'PS C:\\Users\\msadmin> kubectl ?????? ???? ??????????/???????????'
  030: overlay s-r1: '0/1' | s-r2: 'Tier'   coords ct-r1: 'PS C:\\Users\\mesadmin> kubectl ' | ct-r2: 'Merged "AKS1-KodeKloudApp" as current context in C:\\Users\\aksadmin\\.kube\\config'
  025: overlay s-r1: 'PS C:\\Users\\Administrator>' | s-r2: 'PS C:\\Users\\mesadmin>'   coords ct-r1: 'C:\\Users\\meadmin> kubectl get nodes' | ct-r2: '?'
  020: overlay s-r1: '?' | s-r2: ''   coords ct-r1: '??????????????????????' | ct-r2: '?'

span2 F175 b93 OCR: 'PSC:\\Users\\msadmin> kubectl configcurrent-context'
  100: overlay s-r1: 'PS C:\\Users\\msadmin> kubectl config current-context' | s-r2: 'PS C:\\Users\\msadmin> kubectl config current-context'   coords ct-r1: 'PS C:\\Users\\msadmin> kubectl config' | ct-r2: 'PS C:\\Users\\msadmin> kubectl config current-context'
  067: overlay s-r1: 'PS C:\\Users\\msadmin> kubectl config current-context' | s-r2: 'PS C:\\Users\\msadmin> kubectl config current-context'   coords ct-r1: 'PS C:\\Users\\msadmin> kubectl config current-context' | ct-r2: 'PS C:\\Users\\msadmin> kubectl config current-context'
  050: overlay s-r1: '' | s-r2: ''   coords ct-r1: 'PS C:\\Users\\msadmin> kubectl config current-context' | ct-r2: 'PS C:\\Users\\msadmin> kubectl config'
  040: overlay s-r1: 'PS C:\\Users\\msadmin>' | s-r2: 'PS C:\\Users\\msadmin> kubectl config current-context'   coords ct-r1: 'PS C:\\Users\\msadmin> kubectl config current-context' | ct-r2: 'PS C:\\Users\\msadmin> kubectl config current-context'
  030: overlay s-r1: 'PS C:\\Users\\msadmin>' | s-r2: '?'   coords ct-r1: 'PS C:\\Users\\mkadmin> kubectl config_' | ct-r2: 'PS C:\\Users\\msadmin> kubectl get nodes'
  025: overlay s-r1: 'Configuration' | s-r2: '?'   coords ct-r1: '?' | ct-r2: '?'
  020: overlay s-r1: '???' | s-r2: '?'   coords ct-r1: '$ kubectl get ?' | ct-r2: '"????": "????????",'

span2 F178 b100 OCR: 'PS C:\\Users\\msadmin> kubect1config current-context'
  100: overlay s-r1: 'PS C:\\Users\\msadmin> kubect config current-context' | s-r2: 'PS C:\\Users\\msadmin> kubect_ config current-context'   coords ct-r1: 'PS C:\\Users\\msadmin> kubect_ config current-context' | ct-r2: 'PS C:\\Users\\msadmin> kubectl config current-context'
  067: overlay s-r1: 'PS C:\\Users\\msadmin> kubect_ config current-context' | s-r2: 'PS C:\\Users\\msadmin> kubect_ config current-context'   coords ct-r1: 'PS C:\\Users\\msadmin> kubectl config current-context' | ct-r2: 'PS C:\\Users\\msadmin> kubectl config current-context'
  050: overlay s-r1: 'PS C:\\Users\\msadmin> kubectl config current-context' | s-r2: 'PS C:\\Users\\msadmin> kubectl config current-context'   coords ct-r1: 'PS C:\\Users\\msadmin> kubectl config current-context' | ct-r2: 'PS C:\\Users\\msadmin> kubectl config current-context'
  040: overlay s-r1: 'PS C:\\Users\\msadmin> kubectl config current-context' | s-r2: 'PS C:\\Users\\msadmin> kubectl config current-context'   coords ct-r1: 'kubectl config current-context' | ct-r2: 'PS C:\\Users\\msadmin> kubectl config current-context'
  030: overlay s-r1: 'config current-context' | s-r2: 'AKS1-KodeKloudApp'   coords ct-r1: 'PS C:\\Users\\msadmin> kubectl config current-context' | ct-r2: 'PS C:\\Users\\msadmin> kubectl config current-context'
  025: overlay s-r1: '?' | s-r2: ''   coords ct-r1: 'kubectl config current-context' | ct-r2: '???'
  020: overlay s-r1: '?' | s-r2: '?'   coords ct-r1: '?' | ct-r2: ''

span2 F179 b98 OCR: 'PS C:\\Users\\msadmin> kubectl get vc'
  100: overlay s-r1: 'PS C:\\Users\\msadmin> kubectl get svc' | s-r2: 'PS C:\\Users\\msadmin> kubectl get svc'   coords ct-r1: 'PS C:\\Users\\msadmin> kubectl get svc' | ct-r2: 'PS C:\\Users\\msadmin> kubectl get svc'
  067: overlay s-r1: 'PS C:\\Users\\msadmin> kubectl get svc' | s-r2: 'PS C:\\Users\\msadmin> kubectl get svc'   coords ct-r1: 'PS C:\\Users\\msadmin> kubectl get svc' | ct-r2: 'PS C:\\Users\\msadmin> kubectl get svc'
  050: overlay s-r1: 'PS C:\\Users\\msadmin> kubectl get ?e?' | s-r2: 'PS C:\\Users\\msadmin> kubectl get se?'   coords ct-r1: 'PS C:\\Users\\msadmin> kubectl get svc' | ct-r2: 'PS C:\\Users\\msadmin> kubectl get svc'
  040: overlay s-r1: 'PS C:\\Users\\msadmin> kubectl get ' | s-r2: 'PS C:\\Users\\msadmin> kubectl get '   coords ct-r1: 'PS C:\\Users\\msadmin> kubectl get ' | ct-r2: 'PS C:\\Users\\msadmin> kubectl get _'
  030: overlay s-r1: 'PS C:\\Users\\msadmin> kubectl get ' | s-r2: 'PS C:\\Users\\msadmin> kubectl get '   coords ct-r1: 'PS C:\\Users\\msadmin> kubectl get _' | ct-r2: 'PS C:\\Users\\msadmin> kubectl get _'
  025: overlay s-r1: 'PS C:\\Users\\msadmin> kubectl get ????? --kubeconfig ?' | s-r2: 'PS C:\\Users\\msadmin> kubectl config current-context'   coords ct-r1: 'PS C:\\Users\\azureuser> kubectl get ?_' | ct-r2: '? ?????@Azure:~$ kubectl get ?'
  020: overlay s-r1: '?' | s-r2: '?'   coords ct-r1: '?' | ct-r2: '?'

span2 F185 b90 OCR: 'PS C:\\Users\\msadmin> kubectl get deployment'
  100: overlay s-r1: 'PS C:\\Users\\msadmin> kubectl get deploy' | s-r2: 'PS C:\\Users\\msadmin> kubectl get deplo'   coords ct-r1: 'PS C:\\Users\\msadmin> kubectl get deployment' | ct-r2: 'PS C:\\Users\\msadmin> kubectl get deployment'
  067: overlay s-r1: 'PS C:\\Users\\msadmin> kubectl get deplo' | s-r2: 'PS C:\\Users\\msadmin> kubectl get deplo'   coords ct-r1: 'PS C:\\Users\\msadmin> kubectl get deployment' | ct-r2: 'PS C:\\Users\\msadmin> kubectl get deployment'
  050: overlay s-r1: 'PS C:\\Users\\msadmin> kubectl get deploy' | s-r2: 'PS C:\\Users\\msadmin> kubectl get deploy'   coords ct-r1: 'PS C:\\Users\\msadmin> kubectl get deployment' | ct-r2: 'PS C:\\Users\\msadmin> kubectl get deployment'
  040: overlay s-r1: 'PS C:\\Users\\msadmin> kubectl get deploy' | s-r2: 'PS C:\\Users\\msadmin> kubectl get deplo'   coords ct-r1: 'PS C:\\Users\\msadmin> kubectl get deploy' | ct-r2: 'PS C:\\Users\\msadmin> kubectl get deploym'
  030: overlay s-r1: 'PS C:\\Users\\eksadmin>' | s-r2: '?'   coords ct-r1: 'PS C:\\Users\\aksadmin> kubectl get deploy' | ct-r2: 'PS C:\\Users\\wksadmin> kubectl get deploy'
  025: overlay s-r1: '?' | s-r2: '?'   coords ct-r1: 'PS C:\\Users\\Admin>' | ct-r2: 'PS C:\\Users\\mcadmin> kubectl get nodes'
  020: overlay s-r1: '' | s-r2: '?'   coords ct-r1: '?' | ct-r2: '?'


== MENTIONS in descriptions, per run (all frames): rectangle | coordinate | "the target"/"targets" | illegible/unreadable/too small/low resolution/blurry | overlay/tag/label(s) | box ids like b12 | no description
smoke-s100-r1 | 0 | 0 | 1 | 0 | 3 | 0 | no-desc []
smoke-s100-r2 | 0 | 0 | 0 | 1 | 5 | 0 | no-desc []
smoke-ct100-r1 | 0 | 0 | 1 | 0 | 6 | 0 | no-desc []
smoke-ct100-r2 | 1 | 0 | 1 | 0 | 7 | 0 | no-desc []
smoke-s067-r1 | 0 | 0 | 1 | 0 | 6 | 0 | no-desc []
smoke-s067-r2 | 0 | 0 | 0 | 0 | 4 | 0 | no-desc []
smoke-ct067-r1 | 0 | 0 | 0 | 0 | 3 | 0 | no-desc []
smoke-ct067-r2 | 0 | 0 | 0 | 0 | 5 | 0 | no-desc []
smoke-s050-r1 | 0 | 0 | 0 | 0 | 2 | 0 | no-desc []
smoke-s050-r2 | 0 | 0 | 0 | 0 | 6 | 0 | no-desc []
smoke-ct050-r1 | 0 | 0 | 0 | 1 | 3 | 0 | no-desc []
smoke-ct050-r2 | 0 | 0 | 1 | 0 | 5 | 0 | no-desc []
smoke-s040-r1 | 0 | 0 | 0 | 0 | 7 | 0 | no-desc []
smoke-s040-r2 | 0 | 0 | 1 | 0 | 6 | 0 | no-desc []
smoke-ct040-r1 | 0 | 0 | 0 | 0 | 7 | 0 | no-desc []
smoke-ct040-r2 | 0 | 0 | 0 | 1 | 8 | 0 | no-desc []
smoke-s030-r1 | 0 | 0 | 0 | 1 | 6 | 0 | no-desc []
smoke-s030-r2 | 0 | 0 | 0 | 0 | 4 | 0 | no-desc []
smoke-ct030-r1 | 0 | 0 | 0 | 1 | 7 | 0 | no-desc []
smoke-ct030-r2 | 0 | 0 | 0 | 0 | 6 | 0 | no-desc []
smoke-s025-r1 | 0 | 0 | 0 | 2 | 6 | 0 | no-desc []
smoke-s025-r2 | 0 | 0 | 0 | 2 | 8 | 0 | no-desc []
smoke-ct025-r1 | 0 | 0 | 0 | 4 | 9 | 0 | no-desc []
smoke-ct025-r2 | 0 | 0 | 0 | 1 | 7 | 0 | no-desc []
smoke-s020-r1 | 0 | 0 | 0 | 8 | 7 | 0 | no-desc []
smoke-s020-r2 | 0 | 1 | 0 | 6 | 7 | 0 | no-desc []
smoke-ct020-r1 | 0 | 0 | 1 | 2 | 2 | 0 | no-desc []
smoke-ct020-r2 | 0 | 0 | 1 | 3 | 5 | 0 | no-desc []
span2-s100-r1 | 0 | 0 | 1 | 0 | 5 | 0 | no-desc []
span2-s100-r2 | 0 | 0 | 0 | 0 | 7 | 0 | no-desc []
span2-ct100-r1 | 0 | 0 | 0 | 1 | 8 | 0 | no-desc []
span2-ct100-r2 | 0 | 0 | 0 | 0 | 10 | 0 | no-desc []
span2-s067-r1 | 0 | 0 | 0 | 0 | 9 | 0 | no-desc []
span2-s067-r2 | 0 | 0 | 0 | 0 | 5 | 0 | no-desc []
span2-ct067-r1 | 0 | 0 | 2 | 0 | 8 | 0 | no-desc []
span2-ct067-r2 | 0 | 0 | 0 | 0 | 13 | 0 | no-desc []
span2-s050-r1 | 0 | 0 | 0 | 1 | 12 | 0 | no-desc []
span2-s050-r2 | 0 | 0 | 0 | 1 | 10 | 0 | no-desc []
span2-ct050-r1 | 0 | 0 | 2 | 0 | 12 | 0 | no-desc []
span2-ct050-r2 | 0 | 0 | 1 | 0 | 15 | 0 | no-desc []
span2-s040-r1 | 0 | 0 | 0 | 1 | 14 | 0 | no-desc []
span2-s040-r2 | 0 | 0 | 2 | 0 | 13 | 0 | no-desc []
span2-ct040-r1 | 0 | 0 | 1 | 0 | 15 | 0 | no-desc []
span2-ct040-r2 | 0 | 0 | 3 | 1 | 13 | 0 | no-desc []
span2-s030-r1 | 0 | 0 | 0 | 1 | 11 | 0 | no-desc []
span2-s030-r2 | 0 | 0 | 1 | 4 | 15 | 0 | no-desc []
span2-ct030-r1 | 0 | 0 | 0 | 3 | 16 | 0 | no-desc []
span2-ct030-r2 | 0 | 0 | 1 | 0 | 18 | 0 | no-desc []
span2-s025-r1 | 0 | 0 | 0 | 6 | 16 | 0 | no-desc []
span2-s025-r2 | 0 | 0 | 0 | 9 | 12 | 0 | no-desc []
span2-ct025-r1 | 0 | 0 | 5 | 4 | 19 | 0 | no-desc []
span2-ct025-r2 | 0 | 0 | 3 | 6 | 18 | 0 | no-desc []
span2-s020-r1 | 0 | 0 | 0 | 20 | 21 | 0 | no-desc []
span2-s020-r2 | 1 | 0 | 0 | 21 | 21 | 0 | no-desc []
span2-ct020-r1 | 0 | 0 | 1 | 12 | 13 | 0 | no-desc []
span2-ct020-r2 | 0 | 0 | 1 | 12 | 18 | 0 | no-desc []


== DESCRIPTIONS at 1.0, 0.3, 0.2 for frames 150, 151, 155 (smoke), coords then overlay
--- smoke-ct100-r1 F150 (4 targets)
An Edge browser window showing the Azure portal page for the AKS1-KodeKloudApp Kubernetes service. The address bar holds the long portal.azure.com resource URL, with share, favorite and extension icons at its right end. A left navigation pane lists Overview (highlighted as the current selection), Activity log, Access control, Kubernetes resources and Settings entries down to Policies at the bottom, with a scrollbar indicating more items. The main pane has a command bar with Create, Connect, Start (greyed out), Stop, Delete, Refresh, Open in mobile and Give feedback, each with a small icon; the Create button carries a plus sign and dropdown arrow. Below, an expanded Essentials section shows resource group, status, location, subscription and tags in two columns of label/value pairs, with blue hyperlinks. The Properties tab is selected among Get started, Properties, Monitoring, Capabilities (3), Recommendations and Tutorials, and shows grouped sections (Kubernetes services, Node pools, Configuration, Extensions + applications, Networking, Integrations) each with a colored icon and label/value rows.

--- smoke-ct100-r2 F150 (4 targets)
An Edge browser window showing the Azure portal overview page for the Kubernetes service AKS1-KodeKloudApp. The left blade lists Overview (currently selected and highlighted), Activity log, Access control, Tags, and further Kubernetes resources and settings sections, each with a small colored icon; the list is scrolled with Policies partly cut off at the bottom. The toolbar above the content shows Create (with a plus icon), Connect, Start (greyed out), Stop, Delete, Refresh, Open in mobile and Give feedback. The Essentials section is expanded showing resource group, status Succeeded (Running), location, subscription and links in blue. Below, the Properties tab is selected among Get started, Properties, Monitoring, Capabilities (3), Recommendations and Tutorials, displaying two columns of property groups: Kubernetes services, Node pools, Configuration, Extensions + applications on the left and Networking, Integrations on the right. The browser address bar has bookmark, share and extension icons, and the Azure header shows a notification badge with 1.

--- smoke-s100-r1 F150 (4 targets)
The Azure portal is open in a browser showing the overview page of the Kubernetes service AKS1-KodeKloudApp. A left navigation pane lists resource menu items (Overview is highlighted as the selected item) grouped under Kubernetes resources and Settings, each with a small colored icon; the list is scrollable and Policies is partly cut off at the bottom. The main area has a command bar with Create, Connect, Start (greyed out), Stop, Delete, Refresh, Open in mobile and Give feedback, each with an icon. The Essentials section is expanded showing resource properties in two columns, with several blue hyperlinks. Below, the Properties tab is selected among Get started, Properties, Monitoring, Capabilities (3), Recommendations and Tutorials, displaying grouped property lists for Kubernetes services, Node pools, Configuration, Extensions, Networking and Integrations. The browser toolbar at top right shows download, share, favorite and extension icons, and the Azure header bar has search, cloud shell, notifications (badge 1), settings, help and feedback icons.

--- smoke-s100-r2 F150 (4 targets)
An Edge browser window showing the Azure portal overview page for the AKS cluster AKS1-KodeKloudApp (Kubernetes service). The left navigation pane lists Overview (currently highlighted/selected), Activity log, Access control, Tags, and grouped sections for Kubernetes resources and Settings, each item preceded by a small colored icon; the list is scrollable and Policies is partly cut off at the bottom. The command bar at the top has Create (with a plus icon and dropdown), Connect, Start (greyed out), Stop, Delete, Refresh, Open in mobile and Give feedback. The Essentials section is expanded showing cluster properties with blue hyperlinks, and below it the Properties tab is selected among Get started, Properties, Monitoring, Capabilities (3), Recommendations and Tutorials, displaying Kubernetes services, Node pools, Configuration, Extensions, Networking and Integrations groups. Browser toolbar icons (downloads, share, favorite star, extensions) sit at the right of the address bar, and a notification badge with 1 appears in the Azure header.

--- smoke-ct100-r1 F151 (4 targets)
The Azure portal shows the overview page of the AKS1-KodeKloudApp Kubernetes service in an Edge browser. A left navigation pane lists Overview (currently highlighted), Activity log, Access control, Tags, and Kubernetes resource and settings entries, each with a small colored icon. The main pane has a command bar with Create, Connect, Start, Stop, Delete, Refresh, Open in mobile and Give feedback buttons, each preceded by an icon; Start appears greyed out. Below it the Essentials section lists resource group, status Succeeded (Running), location, subscription and tags, with several values as blue links. The Properties tab is selected among Get started, Properties, Monitoring, Capabilities (3), Recommendations and Tutorials, showing Kubernetes services, Node pools, Configuration, Extensions, Networking and Integrations sections. A small hover tooltip for a taskbar item reading Administrator: PowerShell 7-preview (x64) floats over the networking list, partly hiding the 'Application routing / ingress' row.

--- smoke-ct100-r2 F151 (4 targets)
An Azure portal page for the Kubernetes service AKS1-KodeKloudApp is open in Edge, showing the Overview blade with the Essentials panel (resource group, Succeeded (Running) status, Southeast Asia location, subscription, tags) and the Properties tab selected below, listing Kubernetes services, Node pools, Configuration, Extensions, Networking and Integrations details in two columns. A left navigation pane lists Overview, Activity log, Kubernetes resources and Settings entries, each with a small colored icon; Overview is highlighted. The command bar at top has Create, Connect, Start (dimmed), Stop, Delete, Refresh, Open in mobile and Give feedback, each preceded by an icon. A small grey Windows taskbar tooltip reading 'Administrator: PowerShell 7-preview (x64)' floats over the page, partly hiding the 'HTTP application routing / ingress' networking row.

--- smoke-s100-r1 F151 (4 targets)
The Azure portal shows the overview page of the AKS1-KodeKloudApp Kubernetes service, with a left navigation pane (Overview highlighted), a command toolbar (Create, Connect, Start greyed out, Stop, Delete, Refresh, Open in mobile, Give feedback), an Essentials block of resource properties with blue hyperlinks, and below it tabs where Properties is selected and underlined. The Properties tab lists grouped sections with small colored icons: Kubernetes services, Node pools, Configuration, Extensions + applications on the left, and Networking, Integrations on the right. A taskbar tooltip reading "Administrator: PowerShell 7-preview (x64)" floats over the page, covering part of a networking row whose label ends in "ingress". The browser has one tab, an address bar with the portal URL, and a notification badge showing 1 in the Azure header.

--- smoke-s100-r2 F151 (4 targets)
The Azure portal shows the overview page of the Kubernetes service AKS1-KodeKloudApp, with a left navigation pane (Overview selected/highlighted), a command toolbar with Create, Connect, Start (greyed out), Stop, Delete, Refresh, Open in mobile and Give feedback, and an Essentials section of resource properties. Below, the Properties tab is selected, showing Kubernetes services, Node pools, Configuration, Extensions, Networking and Integrations groups; small colored icons precede each group and some toolbar items. A black-bordered taskbar tooltip reading 'Administrator: PowerShell 7-preview (x64)' floats over the page, hiding the beginning of a networking row that ends in 'ingress' and is marked Not enabled.

--- smoke-ct100-r1 F155 (4 targets)
An Azure portal page for the AKS cluster "AKS1-KodeKloudApp" (Kubernetes service) is open in Edge, showing the Essentials panel with resource group, status, location, subscription and tags, plus the Properties tab listing Kubernetes services, node pools, configuration, extensions and integrations. A left navigation pane lists Overview, Activity log, Access control, Kubernetes resources and Settings entries, each with a small colored icon. A black PowerShell console window floats over the middle-right of the page, with its title bar and minimize/maximize/close buttons; the prompt shows a partially typed command with grey inline autocomplete suggestion text and a blinking cursor. The mouse pointer sits inside the console. A toolbar above the page holds Create, Connect, Start, Stop, Delete, Refresh, Open in mobile and Give feedback commands, with Start greyed out.

--- smoke-ct100-r2 F155 (4 targets)
The Azure portal in Edge shows the overview page for the AKS cluster AKS1-KodeKloudApp (Kubernetes service), with a left navigation pane (Overview highlighted), a command toolbar (Create, Connect, Start greyed out, Stop, Delete, Refresh, Open in mobile, Give feedback), an Essentials panel of resource properties, and Properties tab content listing Kubernetes services, node pools, configuration, extensions and integrations. Each nav entry and heading has a small colored Azure icon, including the cluster icon beside the title and the Configuration gear-like icon in the sidebar. A black PowerShell 7-preview window floats over the middle of the page; its prompt shows a partially typed command with a greyed inline suggestion completing it to 'login', and the mouse pointer sits in the console area. The console window has minimize, maximize and close buttons in its title bar.

--- smoke-s100-r1 F155 (4 targets)
An Azure portal page for the Kubernetes service AKS1-KodeKloudApp is open in a browser, showing the Essentials panel with resource group, status Succeeded (Running), location Southeast Asia, subscription, and a Properties tab listing Kubernetes services, node pools, configuration and integrations. A left navigation pane lists Overview (highlighted as the selected item), Activity log, Access control, Tags, and Kubernetes resources and Settings sections, each with a small colored icon. A black PowerShell console window titled 'Administrator: PowerShell 7-preview (x64)' floats over the middle of the page, with minimize, maximize and close buttons; its prompt shows a partially typed command with a grey autocomplete suggestion and the mouse cursor arrow sits inside the console. Toolbar buttons at the top of the portal page (Create, Connect, Start, Stop, Delete, Refresh, Open in mobile, Give feedback) each have an icon; Start appears greyed out.

--- smoke-s100-r2 F155 (4 targets)
The Azure portal is open in a browser showing the overview blade for the Kubernetes service AKS1-KodeKloudApp, with a left navigation list (Overview, Activity log, Access control, Tags, Kubernetes resources, Settings sections) and an Essentials panel listing resource group, status Succeeded (Running), location Southeast Asia, subscription and tags, plus Properties tab content about Kubernetes services, node pools, configuration, extensions and integrations. Small colored icons sit beside the page title and each section heading, and a toolbar row of buttons (Create, Connect, Start, Stop, Delete, Refresh, Open in mobile, Give feedback) runs above the content, with Start greyed out. A black PowerShell console window, titled as Administrator, floats over the middle of the page; it shows a prompt where the letter 'a' has been typed with a greyed inline suggestion completing it to 'login'. The mouse pointer rests in the console. The console has minimize, maximize and close buttons at its top right.

--- smoke-ct030-r1 F150 (4 targets)
An Azure portal page for the AKS cluster 'AKS1-KodeKloudApp' is open in a browser tab, showing the Overview blade with Essentials details (resource group, status, location, subscription, Kubernetes version, node pools) and tabs for Get started, Properties (selected), Monitoring, Capabilities, Recommendations and Tutorials. The Properties view lists Kubernetes service, Node pools, Configuration, Extensions + applications, Networking and Integrations sections in two columns. A left navigation pane lists Overview, Activity log, Access control (IAM), Tags, Diagnose and solve problems, Microsoft Defender for Cloud, plus Kubernetes resources and Settings groups; small icons appear beside each entry and the bottom entries are partly cut off by the window edge. A command bar with Create, Connect, Start, Stop, Delete, Refresh, Open in mobile and Give feedback sits above the content, each with an icon.

--- smoke-ct030-r2 F150 (4 targets)
A browser window showing the Azure portal page for the AKS1-KodeKloudApp Kubernetes service. The top has browser tabs and an address bar with icons at its right end; below is the Azure portal header with a search field. The resource blade shows a breadcrumb, a command toolbar with Create, Connect, Start, Stop, Delete, Refresh, Open in mobile and Give feedback (each with a small icon), an Essentials summary of resource group, status, location, subscription, Kubernetes version and node pools, and tabs Get started / Properties (selected) / Monitoring / Capabilities / Recommendations / Tutorials. The Properties tab lists grouped key-value sections: Kubernetes service, Node pools, Configuration, Extensions + applications (preview) on the left and Networking, Integrations on the right. A left navigation pane lists Overview, Activity log, Access control, Tags, Diagnose and solve problems, Security, then Kubernetes resources, Settings and lower items whose icons and labels are partly cut off at the bottom edge of the screen.

--- smoke-s030-r1 F150 (4 targets)
A Chromium-style browser window is maximized showing the Microsoft Azure portal overview page for the AKS cluster 'AKS1-KodeKloudApp'. The browser has one tab, an address bar with a long portal.azure.com URL, and toolbar icons at the right end of the bar. Inside the portal, a left navigation pane lists Overview, Activity log, Access control (IAM), Tags, Diagnose and solve problems, Microsoft Defender for Cloud, then Kubernetes resources (Namespaces, Workloads, Services and ingresses, Storage, Configuration) and Settings (Node pools, Cluster configuration, Networking, Extensions + applications, Backup, Open Service Mesh, GitOps, Deployment center, Extensions + applications preview), the last entries being cut off at the bottom edge. The main pane shows a command bar (Create, Connect, Start, Stop, Delete, Refresh, Open in mobile, Give feedback), an Essentials property grid in two columns with blue hyperlink values, and a row of tabs where 'Properties' is selected, displaying Kubernetes service, Node pools, Configuration, Extensions + applications, Networking and Integrations sections. Several values are rendered as blue links; some fields read 'Not enabled' or 'Not configured'.

--- smoke-s030-r2 F150 (4 targets)
A browser showing the Azure portal overview page for the Kubernetes service AKS1-KodeKloudApp. The left pane is the resource navigation menu (Overview, Activity log, Access control, Tags, Diagnose and solve problems, Security; then Kubernetes resources such as Namespaces, Workloads, Services and ingresses, Storage, Configuration; then Settings with Node pools, Cluster configuration, Networking, Extensions + applications, Backup, Open Service Mesh, GitOps, Deployment center and Insights, some marked preview). The main pane shows the Essentials panel with resource group, status Succeeded (Running), location, subscription details, Kubernetes version 1.24.10, API server address, network type and node pools, followed by tabs Get started, Properties (selected), Monitoring, Capabilities (7), Recommendations, Tutorials. Below are cards for Kubernetes service, Node pools, Configuration, Extensions + applications on the left and Networking, Integrations on the right, each listing property/value rows. A toolbar above offers Create, Connect, Start, Stop, Delete, Refresh, Open in mobile and Give feedback; the browser chrome shows tabs, address bar and extension icons at the top right.map

--- smoke-ct030-r1 F151 (4 targets)
The Azure portal is open in a browser showing the overview page of the AKS1-KodeKloudApp Kubernetes service, with a left navigation pane (Overview, Activity log, Access control, Tags, Diagnose and solve problems, Security, plus Kubernetes resources and Settings sections) and a command toolbar of small icon buttons (Create, Connect, Start, Stop, Delete, Refresh, Open in mobile, Give feedback). The main pane has tabs (Get started, Properties selected, Monitoring, Capabilities, Recommendations, Tutorials) and two columns of property groups: Essentials/Kubernetes service, Node pools, Configuration, Extensions, Networking and Integrations, each as label-value rows. A small window or taskbar item for an Administrator PowerShell 7 preview (x64) session overlaps the lower middle of the page, partially hiding some property values. Blue hyperlinks appear for resource group, subscription, node pools and log analytics values.

--- smoke-ct030-r2 F151 (4 targets)
An Azure portal page in a browser showing the overview blade for the AKS cluster 'AKS1-KodeKloudApp', with a left navigation pane (Overview, Activity log, Access control, Tags, Settings, Node pools, etc.), a command toolbar (Create, Connect, Start, Stop, Delete, Refresh, Open in mobile, Give feedback), breadcrumbs, and tabs (Get started, Properties selected, Monitoring, Capabilities, Recommendations, Tutorials). The Properties tab shows grouped sections: Kubernetes service, Node pools, Configuration, Extensions + applications, and on the right Networking and Integrations with values like API server address, Azure CNI, Standard load balancer. A small taskbar-style tooltip labeled for an Administrator PowerShell 7 preview (x64) window overlays the lower middle of the page.

--- smoke-s030-r1 F151 (4 targets)
An Azure portal page for the Kubernetes service AKS1-KodeKloudApp is open in a browser, with the Properties tab selected among Get started, Properties, Monitoring, Capabilities, Recommendations and Tutorials. A command bar at top offers Create, Connect, Start, Stop, Delete, Refresh, Open in mobile and Give feedback, each with a small icon. The left navigation pane lists Overview, Activity log, Access control, Tags, and grouped sections for Kubernetes resources and Settings. The main area is split into columns of property groups (Kubernetes service, Node pools, Configuration, Extensions, Networking, Integrations) showing labels with their values. A dark taskbar tooltip for an Administrator PowerShell 7 preview window floats over the lower middle of the page, partially covering the property text beneath it.

--- smoke-s030-r2 F151 (4 targets)
An Azure portal page for the AKS cluster 'AKS1-KodeKloudApp' is open in a browser, showing the Overview blade with the Properties tab selected. The left rail lists cluster sections (Overview, Activity log, Access control, Kubernetes resources, Settings such as Node pools, Cluster configuration, Networking, Extensions). The main area shows two columns of property groups: Kubernetes service, Node pools, Configuration, Extensions + applications on the left, and Networking, Integrations on the right, each as label/value rows. A command bar across the top offers Create, Connect, Start, Stop, Delete, Refresh, Open in mobile and Give feedback. Near the bottom a small dark tooltip from the Windows taskbar reads 'Administrator: PowerShell 7 preview (x64)', overlapping the page content.

--- smoke-ct030-r1 F155 (4 targets)
A browser showing the Azure portal overview page for the AKS cluster AKS1-KodeKloudApp, with a left navigation pane (Overview, Activity log, Access control, Kubernetes resources, Settings such as Node pools, Cluster configuration, Networking, Extensions, Backup, Open Service Mesh, GitOps, Policies) and a properties area listing Kubernetes services, node pools, configuration and integrations. A black PowerShell console window is opened on top of the page, covering the middle-right portion; it is nearly empty apart from a command prompt line at the top, and the mouse cursor arrow sits inside it. Small icons appear beside the navigation entries and command-bar buttons (Create, Connect, Start, Stop, Delete, Refresh, Open in mobile, Give feedback).

--- smoke-ct030-r2 F155 (4 targets)
The Azure portal is open in a browser showing the overview blade of the AKS cluster 'AKS1-KodeKloudApp' (a Kubernetes service), with a left navigation pane of blades (Overview, Activity log, Access control, Tags, Diagnose and solve problems, Security, plus Kubernetes resources and Settings groups, each with a small icon), a command toolbar of icon buttons (Create, Connect, Start, Stop, Delete, Refresh, Open in mobile, Give feedback) and property groups such as Essentials, Kubernetes services, Node pools, Configuration, Extensions, Integrations. A black PowerShell console window, opened as administrator, floats over the middle-right of the page covering much of the properties area; it is nearly empty apart from a blinking prompt at its top, and the mouse pointer sits inside it. Icons in the sidebar and toolbar carry no readable text.

--- smoke-s030-r1 F155 (4 targets)
An Azure portal page for the AKS cluster AKS1-KodeKloudApp is open in a browser, showing the left resource menu (Overview, Activity log, Access control, Tags, Diagnose and solve problems, Security, plus Kubernetes resources and Settings sections) and the Overview blade with Essentials details and Properties tab content such as Kubernetes services, Node pools, Configuration and Extensions. A large black PowerShell console window (Administrator: Windows PowerShell 7 preview x64) floats over the right half of the page, nearly empty apart from a prompt line, with the mouse cursor arrow inside it. A command bar with Create, Connect, Start, Stop, Delete, Refresh, Open in mobile and Give feedback sits above the blade.

--- smoke-s030-r2 F155 (4 targets)
An Azure portal page for the AKS cluster "AKS1-KodeKloudApp" is open in a browser, showing the cluster overview with a command bar (Create, Connect, Start, Stop, Delete, Refresh, Open in mobile, Give feedback), an Essentials property grid, a left navigation pane with Overview, Activity log, Access control (IAM), Kubernetes resources and Settings groups, and tabs Get started / Properties (selected) / Monitoring / Capabilities. A large black Administrator Windows PowerShell window is floating over the middle-right of the portal page, mostly empty except its prompt, with the mouse pointer inside it.

--- smoke-ct020-r1 F150 (4 targets)
A browser window shows the Microsoft Azure portal with the overview blade of a Kubernetes service named AKS1-KodeKloudApp. The top of the page has a command toolbar with small icons and actions, and the left side is a long collapsible navigation menu with sections and small icons beside each entry, some cut off at the bottom of the viewport. The main area is split into two columns of property labels and values under Essentials, plus tabs (Get started, Properties, Monitoring, Capabilities, Recommendations, Tutorials) and panels for Node pools, Configuration, Extensions, Networking and Integrations. Text is very small at this zoom level, so many labels are only faintly legible, and a few navigation entries at the bottom left are icons only.

--- smoke-ct020-r2 F150 (4 targets)
A maximized browser window shows the Microsoft Azure portal open on an Azure Kubernetes Service cluster resource named AKS1-KodeKloudApp. The top of the screen has the browser's tab strip, address bar with toolbar icons on the right, and below it the Azure portal's dark header with search box and account icons. A left navigation pane lists the resource menu (Overview, Activity log, Access control, Tags, Diagnose and solve problems, Security, plus grouped sections for Kubernetes resources, Settings and monitoring) with small icons beside each entry; the Overview item appears selected. The main area shows a command bar with buttons and icons (Connect, Start, Stop, Restart, Delete, Refresh, feedback), a two-column Essentials property grid (resource group, status, location, subscription, subscription ID, Kubernetes version, API server address, network type, node pools, etc.) followed by tabs such as Get started, Properties, Monitoring, Capabilities, Recommendations and Tutorials, with Properties active. The properties view is organized into cards headed Networking, Node pools, Configuration, Integrations and Extensions + application services, each listing labeled values; some values are blue hyperlinks. The layout is dense text at very small scale, so many labels are barely legible.

--- smoke-s020-r1 F150 (4 targets)
A browser showing the Azure portal blade for an App Service named AKS1-KodeKloudApp. The left navigation pane lists sections such as Overview, Activity log, Access control (IAM), Tags, Diagnose and solve problems, Deployment, Settings and Monitoring, with a scrollbar. The main area shows the Essentials panel with resource group, status, location, subscription and URL properties in two columns, tabs (Get started, Properties, Monitoring, Capabilities, Recommendations, Tutorials) below, and property groups for Pods/Configuration on the left and Networking/Integration on the right. Blue hyperlink text marks resource links; the top has the Azure search bar and account icons.

--- smoke-s020-r2 F150 (4 targets)
A browser window showing the Microsoft Azure portal with the Overview blade of an App Service named AKS1-KodeKloudApp. The left side has a collapsible resource menu with Overview, Activity log, Access control (IAM), Tags, Diagnose and solve problems, Security, Configuration and further grouped settings; the right pane shows Essentials properties in two columns (resource group, status, location, subscription, URL, App Service Plan, etc.), a tab strip (Get started, Properties, Monitoring, Capabilities, Recommendations, Tutorials) with Properties selected, and cards for Virtual machine/Path, Configuration, Extension, Networking and Integration. Text is very small and mostly illegible at this zoom; a blue browser address bar and tab row sit at the top.z

--- smoke-ct020-r1 F151 (4 targets)
A browser window showing the Azure portal Overview blade of an App Service (AKS1-KodeKloudApp) at a very small zoom. The left side has the collapsed resource menu with many small icons and entries (Overview, Activity log, Access control, Tags, Diagnose and solve problems, Deployment, Settings, Monitoring, etc.). The main pane shows an Essentials property grid with resource group, status, location, URL and similar values, a command toolbar across the top with Browse, Stop, Swap, Restart, Delete, Refresh and related buttons, and tab strip (Get started, Properties, Monitoring, Capabilities, Recommendations, Tutorials). Below are cards for Properties, Configuration, Networking and Integrations in two columns of label/value pairs. A small floating tooltip or highlighted hint appears over the lower middle of the page near a link, mentioning an automated PowerShell/Azure CLI option. Browser chrome with tabs, address bar and bookmarks is visible at the top; a Windows taskbar sits at the very bottom.

--- smoke-ct020-r2 F151 (4 targets)
An Azure portal page for an App Service named AKS1-KodeKloudApp is open in a browser, showing the resource blade with a left navigation pane of menu items (Overview, Activity log, Access control, Tags, Diagnose and solve problems, Deployment, Settings, Monitoring, etc.), a command toolbar across the top with actions such as Browse, Stop, Swap, Restart, Delete and Refresh, and an Essentials panel of property/value pairs. Below are tabbed sections (Get started, Properties, Monitoring, Capabilities, Recommendations, Tutorials) with the Properties tab selected, laying out App Service details, Configuration, Networking and Integration columns. A small tooltip is floating over the content near the lower middle of the page. Browser tabs, address bar and portal header icons appear at the top.

--- smoke-s020-r1 F151 (4 targets)
An Azure portal page for the Kubernetes cluster AKS1-KodeKloudApp is open in a browser, showing the cluster Overview blade with a left navigation pane (Overview, Activity log, Access control, Tags, Diagnose and solve problems, Security, Settings such as Node pools, Networking, Configuration, Extensions, Integrations, plus Monitoring and Automation groups). The main area has a toolbar with Connect, Start, Stop, Restart, Delete, Refresh and feedback actions, an Essentials section of resource properties (resource group, status, location, subscription, Kubernetes version, API server address, network type) in two label/value columns, and tabs such as Get started, Properties, Monitoring, Capabilities, Recommendations and Tutorials, with Properties selected. A small tooltip-like callout appears near the bottom center over the Configuration section. Text is very small and largely unreadable at this zoom level.

--- smoke-s020-r2 F151 (4 targets)
A Microsoft Azure portal page in a browser showing the Kubernetes cluster resource AKS1-KodeKloudApp. The left side has the Azure navigation menu and the resource blade menu (Overview, Activity log, Access control, Tags, Diagnose and solve problems, plus Settings and Kubernetes resources sections). The main pane shows an Essentials summary of resource group, status, location, subscription and Kubernetes version, followed by tabs such as Get started, Properties, Monitoring, Capabilities, Recommendations and Tutorials, with the Properties tab active. Property groups are laid out in two columns: cluster details, node pools, configuration and extensions on the left, networking and integrations on the right, each with labels and blue hyperlink values. A small tooltip is visible near the lower right of the left column. A toolbar with Connect, Add, Delete, Refresh and feedback buttons sits above the content.

--- smoke-ct020-r1 F155 (4 targets)
The screen shows the Azure portal open in a browser at an AKS cluster resource page (AKS1-KodeKloudApp), with the left-hand service navigation rail of icons, breadcrumbs and a resource overview blade listing Essentials properties in label/value columns (resource group, status, location, Kubernetes version, node pools, networking, configuration sections) plus Extensions and Integrations panels lower down. A black console window titled 'Administrator: Windows PowerShell' is floating on top of the portal page, covering the middle-right of the overview blade; its output is mostly dark with a few faint lines of text and a mouse cursor visible inside it. Small monochrome icons appear in the navigation rail and toolbar rather than text.

--- smoke-ct020-r2 F155 (4 targets)
An Azure portal page for the AKS-KodeKloudApp Kubernetes service is open in a browser, with the left navigation pane listing Overview, Activity log, Access control, Tags, Diagnose and solve problems, plus Kubernetes resources and Settings groups. The main pane shows Essentials properties and Overview/Properties/Monitoring tabs with sections like Networking, Node pools, Configuration and Integrations. A black PowerShell console window titled 'Administrator: Windows PowerShell' floats over the right-center of the page, mostly empty with a mouse cursor visible in it. Small icons appear beside navigation entries and toolbar commands.

--- smoke-s020-r1 F155 (4 targets)
A browser is open on the Microsoft Azure portal showing the overview blade of a Kubernetes service resource named AKS1-KodeKloudApp, with a left navigation pane of blades, a command toolbar across the top of the blade, and Essentials/Properties panels listing resource details such as resource group, location, node pools and configuration. A black Administrator: Windows PowerShell console window is floating on top, covering the right half of the portal page; its console area is empty except for the mouse cursor arrow near its center. The browser chrome shows a tab bar and address bar with a long Azure portal URL at the top of the screen. Text in the portal is very small and largely illegible at this scale.

--- smoke-s020-r2 F155 (4 targets)
A browser showing the Azure portal overview page for an AKS cluster named AKS1-KodeKloudApp, with the left service menu (Overview, Activity log, Access control, Tags, Diagnose and solve problems, Security, Settings, Node pools, Configuration, Networking, etc.) and an Essentials/Properties panel listing resource group, location, Kubernetes version, node pools and networking details. A black PowerShell console window (Administrator) is opened on top, covering the right half of the page; its output area is empty apart from the mouse cursor. Toolbar buttons with icons (Connect, Start, Stop, Restart, Delete, Refresh) run across the top of the portal page, and the browser has its tab strip and address bar above.



== DESCRIPTIONS span2 at 0.3 and 0.2 for the command frames 161, 166, 172, 175 (coords only)
--- span2-ct030-r1 F161
An Azure portal page for an AKS cluster (AKS1-KodeKloudApp) is open in a browser, showing the Overview/Properties tabs with Essentials, Kubernetes service, Node pools, Configuration and Extensions sections in the main pane and a resource menu on the left. A black PowerShell console window is layered on top of the middle of the page, displaying JSON output from an 'az account show' command (environmentName, homeTenantId, id, isDefault, name, state, tenantId, user fields) followed by a new prompt with a command typed at it. The mouse pointer sits near the lower-right inside the console window.

--- span2-ct030-r2 F161
An Azure portal page for the AKS cluster 'AKS1-KodeKloudApp' is open in a browser, with the left navigation pane listing Overview, Activity log, Access control, Tags, and sections for Kubernetes resources and Settings, and the main pane showing Essentials plus Properties tabs with Kubernetes service, Node pools, Configuration, Networking, Extensions and Integrations panels. A black PowerShell console window running as Administrator is layered on top of the middle of the page, showing the JSON output of an 'az account show' command with fields such as environmentName, homeTenantId, id, isDefault, name, state, tenantId and a user block, followed by a new prompt where a command is being typed. The mouse cursor arrow sits in the lower-right area of the console.

--- span2-ct030-r1 F166
An Azure portal page for the AKS cluster 'AKS1-KodeKloudApp' is open in a browser, showing the Overview blade with Essentials properties, Kubernetes service, node pools and configuration details in the left/main panes and integrations on the right. A black Windows PowerShell console window is layered on top of the page's centre, showing the output of 'az account show' as a JSON block (environmentName, homeTenantId, id, isDefault, managedByTenants, name, state, tenantId and a user block), followed by an 'az configure --defaults group=RG1-KodeKloud-AKS' command and a new prompt where a command is being typed, with a blinking cursor. The console has the usual minimize/maximize/close buttons at its top right.

--- span2-ct030-r2 F166
An Azure portal page for the AKS cluster 'AKS1-KodeKloudApp' (Overview blade, Properties tab showing Kubernetes service, node pools, configuration, extensions and integrations sections, with a left navigation menu) is partly covered by a black Administrator Windows PowerShell console window in the middle-right of the screen. The console shows the JSON output of 'az account show' with environment, homeName, id, tenantId and user fields, followed by an 'az configure --defaults group=RG1-KodeKloud-AKS' command and a new prompt where a command is being typed with the cursor still active.

--- span2-ct030-r1 F172
An Azure portal page for the AKS cluster AKS1-KodeKloudApp is open in a browser, with the left navigation pane listing cluster settings (Overview, Activity log, Node pools, Networking, etc.) and the Overview/Properties blade showing resource group, status, Kubernetes version and node pool details. A black PowerShell console window overlaps the middle of the page; it shows az account show output in JSON, az aks get-credentials commands warning that the context and user already exist in the kubeconfig file, and a final merged-context message, ending at a blinking prompt where a kubectl command is being typed. The sidebar icon is a small blue glyph next to a menu entry.

--- span2-ct030-r2 F172
An Azure portal page for the AKS cluster AKS1-KodeKloudApp is open in a browser, with the left navigation blade listing cluster sections (Overview, Activity log, Access control, Node pools, Networking, Extensions, Backup, Monitoring, Automation) and the main pane showing Essentials properties, Kubernetes service details and tabs such as Get started, Properties, Monitoring and Capabilities. A black PowerShell console window floats on top of the portal, occupying the center-right area; in it az aks credential commands have been run and the output notes that an object named AKS1-KodeKloudApp already exists in the kubeconfig, ending with the merged context confirmation line. The small left-rail entries include icons rather than text, and the mouse cursor sits near the top edge of the console window.

--- span2-ct030-r1 F175
An Azure portal page for the AKS cluster AKS1-KodeKloudApp is open in a browser, showing the Overview/Properties blade with resource group, status, location, Kubernetes version and node pool details in the left and centre, plus an Extensions and Integrations section at the bottom. A black PowerShell console window is layered on top of the portal, roughly in the middle of the screen, displaying a JSON kubeconfig fragment (clusters, contexts, users entries) and az aks get-credentials commands warning that a cluster/context named AKS1-KodeKloudApp already exists in the kubeconfig, ending with a blinking prompt. The portal's left navigation rail lists cluster resources such as Node pools, Networking, Extensions, Backup and Automation. The small box left of the cluster title is the AKS service icon, not text.

--- span2-ct030-r2 F175
An Azure portal page for the AKS cluster 'AKS1-KodeKloudApp' is open in a browser, showing the left resource menu (Overview, Activity log, Access control, Tags, Node pools, Networking, etc.) and the cluster Overview blade with Essentials properties, Properties tabs (Get started, Properties, Monitoring, Capabilities), Kubernetes service, Node pools, Configuration, Extensions and Integrations sections. A black Administrator PowerShell console window floats over the middle-right of the page, showing JSON output from an az account/cluster command followed by az aks get-credentials commands warning that a cluster context already exists in the kubeconfig, and a final kubectl command at the prompt. A magnifier/search icon sits in the portal's left menu search row.

--- span2-ct020-r1 F161
The Azure portal is open in a browser showing the overview blade of an AKS cluster named AKS1-KodeKloudApp, with the left navigation rail of portal services and the resource menu (Overview, Activity log, Access control, Tags, Diagnose and solve problems, Settings, Kubernetes resources, etc.) down the left. The main pane lists Essentials properties such as resource group, status, location, subscription, Kubernetes version, networking and configuration details in label/value form. A black Azure Cloud Shell terminal panel is docked over the lower right portion of the page, showing JSON output from a command and a prompt line with a blinking cursor; its toolbar sits at the top of the panel. The mouse pointer sits just below the shell panel. Beneath the shell, sections for Automation, Integration and related links are partly visible.

--- span2-ct020-r2 F161
The screen shows the Microsoft Azure portal in a browser, displaying the overview blade of an AKS cluster named AKS1-KodeKloudApp, with a left-hand navigation list of resource menu items and a properties panel of key/value details in the main area. A dark Cloud Shell terminal panel is open across the lower-right portion of the page, showing JSON output from an az command and a blinking prompt at the current line; the mouse cursor arrow sits just below the terminal. Small icons appear beside the navigation entries and toolbar buttons at the top of the blade.

--- span2-ct020-r1 F166
An Azure portal page for a Kubernetes service resource named AKS1-KodeKloudApp is open in a browser, with the left navigation blade listing resource menu items (Overview, Activity log, Tags, Diagnose and solve problems, Settings, Monitoring, etc.) and a properties/overview pane showing resource group, subscription, node pools and configuration details. A dark Azure Cloud Shell terminal panel overlays the right side of the page, showing JSON output from a previous command and a prompt with typed commands at the bottom; the labelled line is one of these command lines in the shell. Right-hand side shows Integrations and documentation links. Text in the terminal is small and partly illegible.

--- span2-ct020-r2 F166
A browser window displays the Microsoft Azure portal for an AKS cluster resource named AKS1-KodeKloudApp. The left side shows the portal's collapsible service menu and the resource's blade menu (Overview, Activity log, Access control, Tags, Diagnose and solve problems, Settings, Properties, Networking, etc.). The centre shows the cluster's Essentials property grid with labels and values in two columns, plus sections such as Kubernetes version, Node pools, Configuration and Extensions/application services, and a Monitoring/Integration area on the right. Overlaying the middle-right of the page is a dark Azure Cloud Shell pane with a JSON output block from a CLI command and, below it, prompt lines where further az commands have been typed; white text on black with the shell toolbar above it. A blue command prompt line is the focused input at the bottom of the visible output.

--- span2-ct020-r1 F172
An Azure portal page for a Kubernetes service (AKS-KodeKloudApp) is open in a browser, with the left navigation blade of resource menu items and a resource overview/properties pane behind. A dark Azure Cloud Shell terminal panel is docked over the lower-right portion of the page, showing JSON output from a CLI command in monospace text, with a mouse cursor arrow near its top edge. The sidebar on the far left shows a column of small service icons with labels, each row a clickable item; the highlighted target in it is just an icon with no text.

--- span2-ct020-r2 F172
An Azure portal page for a Kubernetes-related resource named AKS-KodeKloudApp is open in a browser, with the usual Azure breadcrumb, search bar and top command toolbar. The left side shows the resource's vertical navigation menu with small blue icons beside each entry, and the main pane lists Essentials properties in label/value form plus sections such as Properties, Monitoring, Capabilities and Recommendations. A dark Cloud Shell / editor panel is docked over the right half of the page, showing a JSON/YAML manifest with syntax-highlighted keys and values, followed by white console output lines from a kubectl-style command; a mouse cursor arrow sits near the top of that dark panel. Text in the shell is very small and mostly illegible at this resolution.

--- span2-ct020-r1 F175
An Azure portal page for the Kubernetes service AKS1-KodeKloudApp is open in a browser, with the left navigation blade listing resource menu items and the overview/properties panel in the middle. A large dark terminal window is layered over the centre-right of the page, showing JSON-formatted command output in green/white monospace text with a mouse cursor arrow near its top edge. Some portal sections (Networking, Properties, Monitoring, Automation, Integrations) and links remain visible around the terminal. The terminal text is small and mostly illegible at this resolution.

--- span2-ct020-r2 F175
An Azure portal page for a Kubernetes cluster (AKS1-KodeKloudApp) is open in a browser, with the left-hand service navigation menu visible and an overview/properties blade in the body. A dark Cloud Shell terminal pane is overlaid across the middle-right of the page, filled with JSON output from a kubectl/az command; the JSON keys and values are syntax-coloured and a mouse cursor sits near the top of the terminal. The portal page beneath shows resource property labels and values on the left and an Integrations/related-resources area at the bottom right. Browser chrome with address bar and tabs occupies the top strip.

