== P13 raw, per span (mean of repeats; lists are r1/r2)
-- smoke
run | n | calls targ | err terr | repairs (kinds) | mark_match | in/call (create,read,uncached per call) | calls that wrote the cache | out/call (r1/r2) | cost r1/r2 | $/frame cold | $/frame warm-eq | $/video cold | wall s | status | hits lost | commit
ct100 | 2 | 11 255 | [0, 0] [0, 0] | [0, 2] {'link_malformed': 0.5, 'rect_unplaced': 0.5} | 207of215/208of215 | 7735 [(2771, 1039, 3923), (0, 3811, 3923)] | [8.0, 0.0] | 2701 (2694/2708) | 1.153/0.982 | 0.0970 | 0.0891 | 21.44 | [105.1, 87.5] | ['done', 'done'] | [0, 0] [0, 0] | ['c485e7a', 'c485e7a']
ct067 | 2 | 11 255 | [0, 0] [0, 0] | [1, 5] {'link_already_linked': 0.5, 'link_malformed': 2.5} | 207of214/204of215 | 6183 [(0, 3811, 2372), (0, 3811, 2372)] | [0.0, 0.0] | 2497 (2636/2358) | 0.876/0.800 | 0.0762 | 0.0762 | 16.84 | [95.4, 90.2] | ['done', 'done'] | [0, 0] [0, 0] | ['c485e7a', 'c485e7a']
ct050 | 2 | 11 255 | [0, 0] [0, 0] | [1, 2] {'link_already_linked': 0.5, 'link_malformed': 1.0} | 204of214/198of212 | 5665 [(2771, 1039, 1854), (0, 3811, 1854)] | [8.0, 0.0] | 2434 (2383/2486) | 0.954/0.807 | 0.0800 | 0.0720 | 17.68 | [93.5, 90.6] | ['done', 'done'] | [0, 0] [0, 0] | ['c485e7a', 'c485e7a']
ct040 | 2 | 11 255 | [0, 0] [0, 0] | [1, 0] {'link_already_linked': 0.5} | 198of215/203of214 | 5413 [(0, 3811, 1602), (0, 3811, 1602)] | [0.0, 0.0] | 2486 (2233/2740) | 0.723/0.863 | 0.0721 | 0.0721 | 15.93 | [58.1, 103.5] | ['done', 'done'] | [0, 0] [0, 0] | ['c485e7a', 'c485e7a']
ct030 | 2 | 11 255 | [0, 0] [0, 0] | [0, 0] {} | 171of215/154of212 | 5217 [(2771, 1039, 1406), (0, 3811, 1406)] | [8.0, 0.0] | 2415 (2474/2356) | 0.954/0.746 | 0.0773 | 0.0693 | 17.08 | [82.9, 62.9] | ['done', 'done'] | [0, 0] [0, 0] | ['c485e7a', 'c485e7a']
ct025 | 2 | 11 255 | [0, 0] [0, 0] | [1, 0] {'second_text': 0.5} | 126of210/125of213 | 5145 [(0, 3811, 1334), (0, 3811, 1334)] | [0.0, 0.0] | 2308 (2144/2472) | 0.684/0.774 | 0.0663 | 0.0663 | 14.65 | [63.1, 80.2] | ['done', 'done'] | [0, 0] [0, 0] | ['c485e7a', 'c485e7a']
ct020 | 2 | 11 255 | [0, 0] [0, 0] | [0, 0] {} | 79of188/77of190 | 5077 [(2771, 1039, 1266), (0, 3811, 1266)] | [8.0, 0.0] | 1892 (1851/1934) | 0.775/0.622 | 0.0635 | 0.0555 | 14.04 | [66.7, 56.9] | ['done', 'done'] | [0, 0] [0, 0] | ['c485e7a', 'c485e7a']
cg040 | 2 | 11 255 | [0, 0] [0, 0] | [2, 0] {'link_already_linked': 1.0} | -/- | 4841 [(0, 3239, 1602), (0, 3239, 1602)] | [0.0, 0.0] | 1420 (1361/1480) | 0.480/0.513 | 0.0451 | 0.0451 | 9.98 | [42.7, 44.5] | ['done', 'done'] | [0, 0] [0, 0] | ['c485e7a', 'c485e7a']
cg030 | 2 | 11 255 | [0, 0] [0, 0] | [1, 2] {'link_malformed': 1.0, 'link_already_linked': 0.5} | -/- | 4645 [(2355, 883, 1406), (0, 3239, 1406)] | [8.0, 0.0] | 1389 (1363/1414) | 0.619/0.484 | 0.0501 | 0.0434 | 11.08 | [39.9, 35.3] | ['done', 'done'] | [0, 0] [0, 0] | ['c485e7a', 'c485e7a']
cg025 | 2 | 11 255 | [0, 0] [0, 0] | [2, 0] {'link_malformed': 0.5, 'rect_unplaced': 0.5} | -/- | 4573 [(0, 3239, 1334), (0, 3239, 1334)] | [0.0, 0.0] | 1237 (1242/1232) | 0.433/0.430 | 0.0392 | 0.0392 | 8.67 | [37.7, 35.7] | ['done', 'done'] | [0, 0] [0, 0] | ['c485e7a', 'c485e7a']
cg020 | 2 | 11 255 | [0, 0] [0, 0] | [0, 0] {} | -/- | 4505 [(2355, 883, 1266), (0, 3239, 1266)] | [8.0, 0.0] | 1230 (1232/1229) | 0.575/0.425 | 0.0455 | 0.0387 | 10.05 | [46.3, 41.1] | ['done', 'done'] | [0, 0] [0, 0] | ['c485e7a', 'c485e7a']
-- span2
run | n | calls targ | err terr | repairs (kinds) | mark_match | in/call (create,read,uncached per call) | calls that wrote the cache | out/call (r1/r2) | cost r1/r2 | $/frame cold | $/frame warm-eq | $/video cold | wall s | status | hits lost | commit
ct100 | 2 | 33 425 | [0, 0] [0, 0] | [0, 3] {'link_malformed': 0.5, 'text_missing': 0.5, 'unplaced': 0.5} | 349of361/347of360 | 7841 [(0, 3811, 4029), (0, 3811, 4029)] | [0.0, 0.0] | 1695 (1742/1649) | 2.165/2.088 | 0.0644 | 0.0644 | 14.24 | [105.9, 97.8] | ['done', 'done'] | [0, 0] [0, 0] | ['c485e7a', 'c485e7a']
ct067 | 2 | 33 425 | [0, 0] [0, 0] | [0, 4] {'text_missing': 1.0, 'unplaced': 1.0} | 348of365/344of359 | 6302 [(0, 3811, 2491), (0, 3811, 2491)] | [0.0, 0.0] | 1751 (1692/1809) | 1.870/1.967 | 0.0581 | 0.0581 | 12.85 | [111.1, 105.2] | ['done', 'done'] | [0, 0] [0, 0] | ['c485e7a', 'c485e7a']
ct050 | 2 | 33 425 | [0, 0] [0, 0] | [6, 4] {'link_malformed': 4.5, 'rect_unplaced': 0.5} | 343of360/342of359 | 5784 [(0, 3811, 1973), (0, 3811, 1973)] | [0.0, 0.0] | 1669 (1663/1675) | 1.761/1.770 | 0.0535 | 0.0535 | 11.82 | [100.8, 101.1] | ['done', 'done'] | [0, 0] [0, 0] | ['c485e7a', 'c485e7a']
ct040 | 2 | 33 425 | [0, 0] [0, 0] | [0, 0] {} | 328of356/327of361 | 5532 [(808, 3002, 1721), (0, 3811, 1721)] | [7.0, 0.0] | 1851 (1725/1977) | 1.923/1.978 | 0.0591 | 0.0568 | 13.06 | [105.5, 118.8] | ['done', 'done'] | [0, 0] [0, 0] | ['c485e7a', 'c485e7a']
ct030 | 2 | 33 425 | [0, 0] [0, 0] | [0, 1] {'link_malformed': 0.5} | 261of357/265of355 | 5336 [(0, 3811, 1525), (0, 3811, 1525)] | [0.0, 0.0] | 1742 (1712/1772) | 1.727/1.777 | 0.0531 | 0.0531 | 11.73 | [101.3, 116.6] | ['done', 'done'] | [0, 0] [0, 0] | ['c485e7a', 'c485e7a']
ct025 | 2 | 33 425 | [0, 0] [0, 0] | [0, 5] {'link_already_linked': 0.5, 'link_malformed': 1.0, 'rect_unplaced': 1.0} | 176of353/168of354 | 5264 [(923, 2887, 1453), (0, 3811, 1453)] | [8.0, 0.0] | 1469 (1475/1463) | 1.695/1.510 | 0.0485 | 0.0459 | 10.73 | [101.1, 105.5] | ['done', 'done'] | [0, 0] [0, 0] | ['c485e7a', 'c485e7a']
ct020 | 2 | 33 425 | [0, 0] [0, 0] | [0, 0] {} | 76of341/73of331 | 5196 [(0, 3811, 1385), (0, 3811, 1385)] | [0.0, 0.0] | 1237 (1258/1216) | 1.329/1.294 | 0.0398 | 0.0398 | 8.78 | [82.3, 80.0] | ['done', 'done'] | [0, 0] [0, 0] | ['c485e7a', 'c485e7a']
cg040 | 2 | 33 425 | [0, 0] [0, 0] | [0, 0] {} | -/- | 4960 [(0, 3239, 1721), (0, 3239, 1721)] | [0.0, 0.0] | 948 (971/926) | 1.139/1.101 | 0.0339 | 0.0339 | 7.50 | [72.8, 67.3] | ['done', 'done'] | [0, 0] [0, 0] | ['c485e7a', 'c485e7a']
cg030 | 2 | 33 425 | [0, 0] [0, 0] | [1, 0] {'link_malformed': 0.5} | -/- | 4764 [(0, 3239, 1525), (0, 3239, 1525)] | [0.0, 0.0] | 943 (958/928) | 1.096/1.070 | 0.0328 | 0.0328 | 7.25 | [71.3, 65.8] | ['done', 'done'] | [0, 0] [0, 0] | ['c485e7a', 'c485e7a']
cg025 | 2 | 33 425 | [0, 0] [0, 0] | [2, 0] {'unplaced': 1.0} | -/- | 4692 [(0, 3239, 1453), (0, 3239, 1453)] | [0.0, 0.0] | 838 (799/877) | 0.953/1.016 | 0.0298 | 0.0298 | 6.59 | [59.6, 70.2] | ['done', 'done'] | [0, 0] [0, 0] | ['c485e7a', 'c485e7a']
cg020 | 2 | 33 425 | [0, 0] [0, 0] | [0, 0] {} | -/- | 4624 [(0, 3239, 1385), (0, 3239, 1385)] | [0.0, 0.0] | 808 (789/826) | 0.933/0.964 | 0.0287 | 0.0287 | 6.35 | [57.7, 59.2] | ['done', 'done'] | [0, 0] [0, 0] | ['c485e7a', 'c485e7a']
P13 annotate spend so far 48.8 runs 44

== COST TABLE (cold, as billed), smoke | span2. $/video = $/frame x 221. Savings: vs overlay same scale (P3 s for ct, P10 ids for cg), vs P3 s100 (.0782 | .0614), vs P10 ids100 (.0570 | .0514).
mode scale | in tok/call | out tok/call | $/frame | $/video || overlay same scale $/frame | saving $ (%) || vs P3 s100: saving $ (%) || vs P10 ids100: saving $ (%)
coords transcribing 100 | 7735 | 7841 | 2701 | 1695 | 0.0970 | 0.0644 | 21.44 | 14.24 || 0.0782 | 0.0614 | -0.0188 (-24%) | -0.0030 (-5%) || -0.0188 (-24%) | -0.0030 (-5%) || -0.0400 (-70%) | -0.0131 (-25%)
coords transcribing 067 | 6183 | 6302 | 2497 | 1751 | 0.0762 | 0.0581 | 16.84 | 12.85 || 0.0632 | 0.0483 | -0.0130 (-21%) | -0.0098 (-20%) || +0.0020 (+3%) | +0.0033 (+5%) || -0.0192 (-34%) | -0.0067 (-13%)
coords transcribing 050 | 5665 | 5784 | 2434 | 1669 | 0.0800 | 0.0535 | 17.68 | 11.82 || 0.0657 | 0.0473 | -0.0144 (-22%) | -0.0062 (-13%) || -0.0018 (-2%) | +0.0079 (+13%) || -0.0230 (-40%) | -0.0021 (-4%)
coords transcribing 040 | 5413 | 5532 | 2486 | 1851 | 0.0721 | 0.0591 | 15.93 | 13.06 || 0.0613 | 0.0477 | -0.0108 (-18%) | -0.0114 (-24%) || +0.0062 (+8%) | +0.0023 (+4%) || -0.0150 (-26%) | -0.0077 (-15%)
coords transcribing 030 | 5217 | 5336 | 2415 | 1742 | 0.0773 | 0.0531 | 17.08 | 11.73 || 0.0613 | 0.0403 | -0.0159 (-26%) | -0.0128 (-32%) || +0.0010 (+1%) | +0.0083 (+14%) || -0.0202 (-35%) | -0.0017 (-3%)
coords transcribing 025 | 5145 | 5264 | 2308 | 1469 | 0.0663 | 0.0485 | 14.65 | 10.73 || 0.0417 | 0.0313 | -0.0246 (-59%) | -0.0172 (-55%) || +0.0120 (+15%) | +0.0128 (+21%) || -0.0092 (-16%) | +0.0028 (+6%)
coords transcribing 020 | 5077 | 5196 | 1892 | 1237 | 0.0635 | 0.0398 | 14.04 | 8.78 || 0.0354 | 0.0280 | -0.0281 (-79%) | -0.0117 (-42%) || +0.0147 (+19%) | +0.0216 (+35%) || -0.0065 (-11%) | +0.0116 (+23%)
-- overlay transcribing (P3), for reference
overlay transcribing 100 | 9391 | 9429 | 1747 | 1216 | 0.0782 | 0.0614 | 17.29 | 13.57 || - | - | - | - || +0.0000 (+0%) | +0.0000 (+0%) || -0.0212 (-37%) | -0.0100 (-19%)
overlay transcribing 067 | 6401 | 6439 | 1895 | 1292 | 0.0632 | 0.0483 | 13.97 | 10.68 || - | - | - | - || +0.0150 (+19%) | +0.0130 (+21%) || -0.0062 (-11%) | +0.0030 (+6%)
overlay transcribing 050 | 5409 | 5447 | 2190 | 1448 | 0.0657 | 0.0473 | 14.51 | 10.45 || - | - | - | - || +0.0126 (+16%) | +0.0141 (+23%) || -0.0086 (-15%) | +0.0041 (+8%)
overlay transcribing 040 | 4905 | 4943 | 2116 | 1565 | 0.0613 | 0.0477 | 13.54 | 10.54 || - | - | - | - || +0.0170 (+22%) | +0.0137 (+22%) || -0.0042 (-7%) | +0.0037 (+7%)
overlay transcribing 030 | 4513 | 4551 | 2197 | 1348 | 0.0613 | 0.0403 | 13.56 | 8.90 || - | - | - | - || +0.0169 (+22%) | +0.0211 (+34%) || -0.0043 (-8%) | +0.0111 (+22%)
overlay transcribing 025 | 4369 | 4407 | 1440 | 1018 | 0.0417 | 0.0313 | 9.21 | 6.93 || - | - | - | - || +0.0366 (+47%) | +0.0301 (+49%) || +0.0154 (+27%) | +0.0200 (+39%)
overlay transcribing 020 | 4233 | 4271 | 1215 | 913 | 0.0354 | 0.0280 | 7.82 | 6.19 || - | - | - | - || +0.0428 (+55%) | +0.0334 (+54%) || +0.0216 (+38%) | +0.0234 (+45%)
-- group-only coords: P10 coords100 (old listing), P12 coords067/050 (corrected, smoke only; span2 = P10 old listing), P13 cg
coords group-only 100 (P10) | 7163 | 7269 | 1603 | 976 | 0.0748 | 0.0462 | 16.54 | 10.20 || 0.0570 | 0.0514 | -0.0178 (-31%) | +0.0052 (+10%) || +0.0034 (+4%) | +0.0152 (+25%) || -0.0178 (-31%) | +0.0052 (+10%)
coords group-only 067 (P12 smoke | P10 span2) | 5611 | 5808 | 1615 | 1182 | 0.0606 | 0.0440 | 13.40 | 9.73 || 0.0410 | 0.0350 | -0.0196 (-48%) | -0.0091 (-26%) || +0.0176 (+23%) | +0.0174 (+28%) || -0.0036 (-6%) | +0.0074 (+14%)
coords group-only 050 (P12 smoke | P10 span2) | 5093 | 5312 | 1532 | 1102 | 0.0492 | 0.0395 | 10.87 | 8.74 || 0.0483 | 0.0315 | -0.0009 (-2%) | -0.0080 (-25%) || +0.0291 (+37%) | +0.0219 (+36%) || +0.0079 (+14%) | +0.0119 (+23%)
coords group-only 040 | 4841 | 4960 | 1420 | 948 | 0.0451 | 0.0339 | 9.98 | 7.50 || - | - | - | - || +0.0331 (+42%) | +0.0275 (+45%) || +0.0119 (+21%) | +0.0174 (+34%)
coords group-only 030 | 4645 | 4764 | 1389 | 943 | 0.0501 | 0.0328 | 11.08 | 7.25 || - | - | - | - || +0.0281 (+36%) | +0.0286 (+47%) || +0.0069 (+12%) | +0.0186 (+36%)
coords group-only 025 | 4573 | 4692 | 1237 | 838 | 0.0392 | 0.0298 | 8.67 | 6.59 || - | - | - | - || +0.0390 (+50%) | +0.0316 (+51%) || +0.0178 (+31%) | +0.0215 (+42%)
coords group-only 020 | 4505 | 4624 | 1230 | 808 | 0.0455 | 0.0287 | 10.05 | 6.35 || - | - | - | - || +0.0328 (+42%) | +0.0326 (+53%) || +0.0116 (+20%) | +0.0226 (+44%)
-- overlay group-only (P10 ids), for reference
overlay group-only 100 | 8837 | 8876 | 1061 | 742 | 0.0570 | 0.0514 | 12.61 | 11.35 || - | - | - | - || +0.0212 (+27%) | +0.0100 (+16%) || +0.0000 (+0%) | +0.0000 (+0%)
overlay group-only 067 | 5847 | 5886 | 1018 | 768 | 0.0410 | 0.0350 | 9.07 | 7.73 || - | - | - | - || +0.0372 (+48%) | +0.0264 (+43%) || +0.0160 (+28%) | +0.0164 (+32%)
overlay group-only 050 | 4855 | 4894 | 1254 | 829 | 0.0483 | 0.0315 | 10.68 | 6.97 || - | - | - | - || +0.0299 (+38%) | +0.0299 (+49%) || +0.0087 (+15%) | +0.0198 (+39%)

== WARM-EQUIVALENT $/frame (cache creation repriced as read), same layout; P3 s100 warm and P10 ids100 warm as the bases
mode scale | $/frame warm | $/video warm || overlay same scale warm | saving || vs P3 s100 warm | vs P10 ids100 warm
coords transcribing 100 | 0.0891 | 0.0644 | 19.68 | 14.24 || 0.0745 | 0.0614 | -0.0146 (-20%) | -0.0031 (-5%) || -0.0146 (-20%) | -0.0031 (-5%) || -0.0320 (-56%) | -0.0152 (-31%)
coords transcribing 067 | 0.0762 | 0.0581 | 16.84 | 12.85 || 0.0632 | 0.0483 | -0.0130 (-21%) | -0.0098 (-20%) || -0.0017 (-2%) | +0.0033 (+5%) || -0.0191 (-34%) | -0.0089 (-18%)
coords transcribing 050 | 0.0720 | 0.0535 | 15.92 | 11.82 || 0.0657 | 0.0473 | -0.0064 (-10%) | -0.0062 (-13%) || +0.0025 (+3%) | +0.0079 (+13%) || -0.0150 (-26%) | -0.0042 (-9%)
coords transcribing 040 | 0.0721 | 0.0568 | 15.93 | 12.55 || 0.0613 | 0.0477 | -0.0108 (-18%) | -0.0091 (-19%) || +0.0024 (+3%) | +0.0046 (+8%) || -0.0150 (-26%) | -0.0075 (-15%)
coords transcribing 030 | 0.0693 | 0.0531 | 15.32 | 11.73 || 0.0613 | 0.0403 | -0.0080 (-13%) | -0.0128 (-32%) || +0.0052 (+7%) | +0.0083 (+14%) || -0.0123 (-21%) | -0.0038 (-8%)
coords transcribing 025 | 0.0663 | 0.0459 | 14.65 | 10.14 || 0.0417 | 0.0313 | -0.0246 (-59%) | -0.0146 (-46%) || +0.0082 (+11%) | +0.0155 (+25%) || -0.0092 (-16%) | +0.0034 (+7%)
coords transcribing 020 | 0.0555 | 0.0398 | 12.28 | 8.79 || 0.0354 | 0.0280 | -0.0202 (-57%) | -0.0117 (-42%) || +0.0189 (+25%) | +0.0216 (+35%) || +0.0015 (+3%) | +0.0095 (+19%)
overlay transcribing 100 | 0.0745 | 0.0614 | 16.46 | 13.57 || - | - | - | - || +0.0000 (+0%) | +0.0000 (+0%) || -0.0174 (-31%) | -0.0121 (-25%)
overlay transcribing 067 | 0.0632 | 0.0483 | 13.97 | 10.68 || - | - | - | - || +0.0113 (+15%) | +0.0130 (+21%) || -0.0062 (-11%) | +0.0009 (+2%)
overlay transcribing 050 | 0.0657 | 0.0473 | 14.51 | 10.45 || - | - | - | - || +0.0088 (+12%) | +0.0141 (+23%) || -0.0086 (-15%) | +0.0020 (+4%)
overlay transcribing 040 | 0.0613 | 0.0477 | 13.54 | 10.54 || - | - | - | - || +0.0132 (+18%) | +0.0137 (+22%) || -0.0042 (-7%) | +0.0016 (+3%)
overlay transcribing 030 | 0.0613 | 0.0403 | 13.56 | 8.90 || - | - | - | - || +0.0132 (+18%) | +0.0211 (+34%) || -0.0043 (-8%) | +0.0090 (+18%)
overlay transcribing 025 | 0.0417 | 0.0313 | 9.21 | 6.93 || - | - | - | - || +0.0328 (+44%) | +0.0301 (+49%) || +0.0154 (+27%) | +0.0179 (+36%)
overlay transcribing 020 | 0.0354 | 0.0280 | 7.82 | 6.19 || - | - | - | - || +0.0391 (+52%) | +0.0334 (+54%) || +0.0216 (+38%) | +0.0212 (+43%)
coords group-only 100 (P10) | 0.0613 | 0.0462 | 13.55 | 10.20 || 0.0570 | 0.0493 | -0.0043 (-7%) | +0.0031 (+6%) || +0.0132 (+18%) | +0.0152 (+25%) || -0.0043 (-7%) | +0.0031 (+6%)
coords group-only 067 (P12 | P10) | 0.0539 | 0.0440 | 11.90 | 9.73 || 0.0410 | 0.0350 | -0.0128 (-31%) | -0.0091 (-26%) || +0.0206 (+28%) | +0.0174 (+28%) || +0.0032 (+6%) | +0.0052 (+11%)
coords group-only 050 (P12 | P10) | 0.0492 | 0.0395 | 10.87 | 8.74 || 0.0420 | 0.0315 | -0.0072 (-17%) | -0.0080 (-25%) || +0.0253 (+34%) | +0.0219 (+36%) || +0.0079 (+14%) | +0.0097 (+20%)
coords group-only 040 | 0.0451 | 0.0339 | 9.98 | 7.50 || - | - | - | - || +0.0294 (+39%) | +0.0275 (+45%) || +0.0119 (+21%) | +0.0153 (+31%)
coords group-only 030 | 0.0434 | 0.0328 | 9.59 | 7.25 || - | - | - | - || +0.0311 (+42%) | +0.0286 (+47%) || +0.0137 (+24%) | +0.0164 (+33%)
coords group-only 025 | 0.0392 | 0.0298 | 8.67 | 6.59 || - | - | - | - || +0.0353 (+47%) | +0.0316 (+51%) || +0.0178 (+31%) | +0.0194 (+39%)
coords group-only 020 | 0.0387 | 0.0287 | 8.55 | 6.35 || - | - | - | - || +0.0358 (+48%) | +0.0326 (+53%) || +0.0183 (+32%) | +0.0205 (+42%)
overlay group-only 100 | 0.0570 | 0.0493 | 12.61 | 10.89 || - | - | - | - || +0.0174 (+23%) | +0.0121 (+20%) || +0.0000 (+0%) | +0.0000 (+0%)
overlay group-only 067 | 0.0410 | 0.0350 | 9.07 | 7.73 || - | - | - | - || +0.0335 (+45%) | +0.0264 (+43%) || +0.0160 (+28%) | +0.0143 (+29%)
overlay group-only 050 | 0.0420 | 0.0315 | 9.27 | 6.97 || - | - | - | - || +0.0325 (+44%) | +0.0299 (+49%) || +0.0151 (+26%) | +0.0177 (+36%)
P3 s100 warm ['0.0745', '0.0614'] P3 s100 cold ['0.0782', '0.0614'] ; P10 ids100 warm ['0.0570', '0.0493'] cold ['0.0570', '0.0514']

== repeat noise |r1-r2| $/frame (cold), smoke | span2
ct100 0.0156 | 0.0023
ct067 0.0069 | 0.0030
ct050 0.0134 | 0.0003
ct040 0.0127 | 0.0016
ct030 0.0189 | 0.0015
ct025 0.0082 | 0.0056
ct020 0.0139 | 0.0011
cg040 0.0030 | 0.0011
cg030 0.0123 | 0.0008
cg025 0.0003 | 0.0019
cg020 0.0136 | 0.0009
