runs 20 targets identical: True boxes identical: True

terminal targets (both ids100 refs agree): 9

== PER RUN
run | cont/rec | popups | unassigned | repairs (kinds) | contdiff% vs r1,r2 | links run/pair/record | relinked | pairs-repro% vs r1,r2 | runs-repro% vs r1,r2 | off-row pairs (dy>12) | run jumps | pairs in neither ids100 ref | of which gap>150px | max pair gap | term ok | term frames listed | false term | 0-window records | tooltip149 | tooltip151 | f150 c/p/w/m | desc mechanism hits | vocab
p10:smoke-ids100-r1 | 1.45 | 2 | 0 | 0 {} | 0.0 | 8/40/6 | 0 | 97.4 | 88.9 | 0 {} | 0 | 0 | 0 | 144 | 9/9 | 3/3 | 0 | 0 | OWN-POPUP ['tooltip: Cloud Shell'] | OWN-POPUP ['tooltip: Administrator: PowerShell 7-preview (x64)'] | (28, 0, 1, 0) | 0 | [(('window', 'Microsoft Edge'), 6), (('window', 'PowerShell'), 3), (('window', 'Web browser'), 3), (('window', 'Web browser — Microsoft Azure portal'), 1)]
      f150: {'wrong': [('AKS1-KodeKloudApp', 'Kubernetes service')]}
p10:smoke-ids100-r2 | 1.45 | 2 | 0 | 0 {} | 0.0 | 9/39/6 | 0 | 95.0 | 100.0 | 0 {} | 0 | 0 | 0 | 183 | 9/9 | 3/3 | 0 | 0 | OWN-POPUP ['tooltip: Cloud Shell'] | OWN-POPUP ['tooltip: Administrator: PowerShell 7-preview (x64)'] | (28, 0, 1, 0) | 0 | [(('window', 'Microsoft Edge'), 6), (('window', 'PowerShell'), 3), (('window', 'Web browser'), 3), (('window', 'Microsoft Azure portal'), 1)]
      f150: {'wrong': [('Activity log', 'Resource group : RG1-KodeKloud')]}
p10:smoke-coords100-r1 | 1.45 | 2 | 0 | 2 {'link_malformed': 2} | 0.4,0.4 | 9/39/6 | 1 | 95.0,97.4 | 87.5,88.9 | 0 {} | 0 | 1 | 0 | 144 | 9/9 | 3/3 | 1 | 0 | OWN-POPUP ['tooltip: Cloud Shell'] | OWN-POPUP ['tooltip: Administrator: PowerShell 7-preview (x64)'] | (28, 0, 0, 0) | 1 | [(('window', 'Microsoft Edge'), 8), (('window', 'PowerShell'), 3), (('window', 'Microsoft Azure portal'), 1), (('window', 'Presentation'), 1)]
      false term: [(147, 'b38', 'j.io')]
      desc: [(147, 'ration, Extensions and Integrations are listed in two columns with small colored icons')]
p10:smoke-coords100-r2 | 1.45 | 2 | 0 | 2 {'rect_unplaced': 1, 'link_malformed': 1} | 0.0,0.0 | 8/41/6 | 1 | 90.0,92.3 | 62.5,55.6 | 0 {} | 0 | 5 | 0 | 144 | 9/9 | 3/3 | 0 | 0 | OWN-POPUP ['tooltip: Cloud Shell'] | OWN-POPUP ['tooltip: Administrator: PowerShell 7-preview (x64)'] | (26, 0, 2, 2) | 0 | [(('window', 'Microsoft Edge'), 6), (('window', 'PowerShell'), 3), (('window', 'Web browser'), 3), (('window', 'Microsoft Azure portal'), 1)]
      f150: {'wrong': [('Configuration', '1.24.10'), ('Kubernetes version', 'Patch')], 'missing': [('Auto Upgrade Type', 'Patch'), ('Kubernetes version', '1.24.10')]}
p10:smoke-ids067-r1 | 1.45 | 2 | 0 | 0 {} | 0.0,0.0 | 10/39/6 | 2 | 92.5,94.9 | 100.0,100.0 | 0 {} | 0 | 2 | 0 | 144 | 9/9 | 3/3 | 0 | 0 | OWN-POPUP ['tooltip: Cloud Shell'] | OWN-POPUP ['tooltip: Administrator: PowerShell 7-preview (x64)'] | (28, 0, 1, 0) | 0 | [(('window', 'Microsoft Edge'), 9), (('window', 'PowerShell'), 3), (('window', 'Microsoft Azure portal'), 1), (('window', 'Presentation'), 1)]
      f150: {'wrong': [('Diagnose and solve problems', 'Subscription ID :00000000-0000')]}
p10:smoke-ids067-r2 | 1.45 | 2 | 0 | 0 {} | 0.0,0.0 | 9/39/6 | 2 | 90.0,92.3 | 87.5,88.9 | 0 {} | 0 | 3 | 0 | 144 | 9/9 | 3/3 | 0 | 0 | OWN-POPUP ['tooltip: Cloud Shell'] | OWN-POPUP ['tooltip: Administrator: PowerShell 7-preview (x64)'] | (27, 0, 1, 1) | 0 | [(('window', 'Microsoft Edge'), 9), (('window', 'PowerShell'), 3), (('window', 'Microsoft Azure portal'), 1), (('window', 'Presentation'), 1)]
      f150: {'wrong': [('Diagnose and solve problems', 'Subscription ID :00000000-0000')], 'missing': [('Authorized IP ranges', 'Not enabled')]}
p12:smoke-coords067-r1 | 1.45 | 2 | 0 | 0 {} | 0.4,0.4 | 9/39/6 | 1 | 92.5,94.9 | 62.5,66.7 | 0 {} | 0 | 2 | 0 | 144 | 9/9 | 3/3 | 1 | 0 | OWN-POPUP ['tooltip: Cloud Shell'] | OWN-POPUP ['tooltip: Administrator: PowerShell 7-preview (x64)'] | (27, 0, 0, 1) | 1 | [(('window', 'Microsoft Edge'), 7), (('window', 'PowerShell'), 3), (('window', 'Web browser'), 2), (('window', 'Microsoft Azure portal'), 1)]
      false term: [(147, 'b38', 'j.io')]
      f150: {'missing': [('Application Gateway ingress + controller', 'Not enabled')]}
      desc: [(150, 's and Policies, each with a small icon; the list is scrollable and partially cut off at ')]
p12:smoke-coords067-r2 | 1.45 | 2 | 0 | 0 {} | 0.4,0.4 | 9/37/6 | 1 | 90.0,92.3 | 75.0,77.8 | 0 {} | 0 | 1 | 0 | 144 | 9/9 | 3/3 | 1 | 0 | OWN-POPUP ['tooltip: Cloud Shell'] | OWN-POPUP ['tooltip: Administrator: PowerShell 7-preview (x64)'] | (27, 0, 0, 1) | 0 | [(('window', 'Microsoft Edge'), 8), (('window', 'PowerShell'), 3), (('window', 'Microsoft Azure portal'), 1), (('window', 'Presentation'), 1)]
      false term: [(147, 'b38', 'j.io')]
      f150: {'missing': [('Encryption type', 'Encryption at-rest with a plat')]}
p10:smoke-ids050-r1 | 1.45 | 2 | 0 | 0 {} | 0.4,0.4 | 7/43/6 | 1 | 90.0,92.3 | 87.5,77.8 | 1 {145: 1} | 0 | 7 | 3 | 659 | 9/9 | 3/3 | 1 | 0 | OWN-POPUP ['tooltip: Cloud Shell'] | OWN-POPUP ['Administrator: PowerShell 7-preview (x64) window label'] | (27, 0, 2, 1) | 1 | [(('window', 'Microsoft Edge'), 6), (('window', 'Web browser'), 3), (('window', 'PowerShell 7-preview (x64)'), 2), (('window', 'Microsoft Azure portal'), 1)]
      OFFROW (145, (236, 13), 'Cancel ① Redeploy Downloa', '=>', 'Deployment')
      FARNEWPAIR (145, (236, 13), 'Cancel ① Redeploy Downloa', '=>', 'Deployment')
      FARNEWPAIR (147, (267, 0), '日', '=>', 'Resource group : RG1-Kode')
      FARNEWPAIR (148, (659, 0), ': Southeast Asia', '=>', 'Network type (plugin) : A')
      false term: [(154, 'b49', 'Subscription ID :00000000-0000')]
      f150: {'wrong': [('Microsoft Defender for Cloud', 'Subscription ID :00000000-0000'), ('10.0.0.10', 'DNS service IP')], 'missing': [('DNS service IP', '10.0.0.10')]}
      desc: [(148, ' Azure header bar, and a status text of the target URL appears at the bottom-left.""')]
p10:smoke-ids050-r2 | 1.45 | 1 | 0 | 0 {} | 1.2,1.2 | 7/42/6 | 1 | 90.0,92.3 | 87.5,77.8 | 0 {} | 0 | 6 | 2 | 659 | 9/9 | 3/3 | 3 | 0 | OWN-POPUP ['tooltip: Cloud Shell'] | in:term [] | (27, 1, 1, 0) | 0 | [(('window', 'Microsoft Edge'), 7), (('window', 'Windows PowerShell'), 2), (('window', 'Microsoft Azure portal'), 1), (('window', 'Presentation'), 1)]
      FARNEWPAIR (147, (267, 0), '日', '=>', 'Resource group : RG1-Kode')
      FARNEWPAIR (148, (659, 0), ': Southeast Asia', '=>', 'Network type (plugin) : A')
      false term: [(151, 'b116', 'Administrator: PowerShell 7-pr'), (154, 'b36', 'l.io'), (154, 'b49', 'Subscription ID :00000000-0000')]
      f150: {'wrong': [('Diagnose and solve problems', 'Subscription ID :00000000-0000')], 'partial': [('Application Gateway ingress', 'Not enabled')]}
p12:smoke-coords050-r1 | 1.45 | 2 | 0 | 2 {'link_malformed': 2} | 0.0,0.0 | 9/38/6 | 0 | 90.0,92.3 | 75.0,77.8 | 1 {154: 1} | 1 | 2 | 1 | 1156 | 9/9 | 3/3 | 0 | 0 | OWN-POPUP ['tooltip: Cloud Shell'] | OWN-POPUP ['tooltip: Administrator: PowerShell 7-preview (x64)'] | (27, 0, 0, 1) | 1 | [(('window', 'Microsoft Edge'), 7), (('window', 'PowerShell'), 3), (('window', 'Web browser'), 2), (('window', 'Microsoft Azure portal'), 1)]
      OFFROW (154, (1018, 138), 'Subscription ID :00000000', '=>', 'itheastasia.azmk8s.io')
      RUNJUMP (145, [(0, 24)], 'Introduction to Azure Kub | Work with an expert')
      FARNEWPAIR (154, (1018, 138), 'Subscription ID :00000000', '=>', 'itheastasia.azmk8s.io')
      f150: {'missing': [('Authorized IP ranges', 'Not enabled')]}
      desc: [(150, 'nts, Policies), each with a small icon; the list is scrollable and cut off at the bottom')]
p12:smoke-coords050-r2 | 1.36 | 2 | 2 | 3 {'link_malformed': 3} | 1.2,1.2 | 7/43/6 | 4 | 90.0,92.3 | 75.0,66.7 | 0 {} | 0 | 7 | 0 | 144 | 8/9 | 3/3 | 0 | 1 | OWN-POPUP ['tooltip: Cloud Shell'] | OWN-POPUP ['Administrator: PowerShell 7-preview (x64) taskbar preview/title'] | (27, 1, 0, 0) | 0 | [(('window', 'Microsoft Edge'), 8), (('window', 'PowerShell'), 2), (('window', 'Microsoft Azure portal'), 1), (('window', 'PowerShell 7-preview'), 1)]
      missed term: [(147, 'b46', 'browser', 'PS C:\\Users\\msadmin>')]
      f150: {'partial': [('Application Gateway ingress', 'Not enabled')]}
p13:smoke-cg040-r1 | 1.45 | 1 | 0 | 2 {'link_already_linked': 2} | 0.8,0.8 | 10/35/6 | 1 | 80.0,82.1 | 62.5,66.7 | 1 {154: 1} | 0 | 3 | 0 | 143 | 9/9 | 3/3 | 2 | 0 | OWN-POPUP ['tooltip: Cloud Shell'] | in:term [] | (25, 1, 0, 2) | 0 | [(('window', 'Web browser'), 6), (('window', 'Microsoft Edge'), 4), (('window', 'Windows PowerShell'), 3), (('window', 'Presentation'), 1)]
      OFFROW (154, (0, 68), ': Succeeded (Running)', '=>', 'Subscription ID :00000000')
      false term: [(147, 'b38', 'j.io'), (151, 'b116', 'Administrator: PowerShell 7-pr')]
      f150: {'partial': [('Application Gateway ingress', 'Not enabled')], 'missing': [('Node sizes', 'Standard_DS2_v2'), ('Encryption type', 'Encryption at-rest with a plat')]}
p13:smoke-cg040-r2 | 1.45 | 2 | 0 | 0 {} | 0.8,0.8 | 6/40/6 | 2 | 87.5,89.7 | 12.5,22.2 | 0 {} | 1 | 5 | 0 | 144 | 8/9 | 3/3 | 1 | 0 | OWN-POPUP ['tooltip: Cloud Shell'] | OWN-POPUP ['tooltip: Administrator: PowerShell 7-preview (x64)'] | (26, 0, 2, 2) | 1 | [(('window', 'Web browser'), 5), (('window', 'Microsoft Edge'), 4), (('window', 'Windows PowerShell'), 3), (('window', 'Microsoft Azure portal'), 1)]
      RUNJUMP (145, [(0, 24)], 'Introduction to Azure Kub | Work with an expert')
      missed term: [(154, 'b44', 'browser', 'PS C:\\Users\\msadmin>')]
      false term: [(147, 'b38', 'j.io')]
      f150: {'wrong': [('Integrations', 'Enabled'), ('Container insights + Workspace resource ID', 'DefaultWorkspace-00000000-0000')], 'missing': [('Container insights', 'Enabled'), ('Workspace resource ID', 'DefaultWorkspace-00000000-0000')]}
      desc: [(150, 's and Policies, each with a small icon; the list is scrollable and cut off at the bottom')]
p13:smoke-cg030-r1 | 1.45 | 2 | 0 | 1 {'link_malformed': 1} | 0.8,0.8 | 8/42/6 | 4 | 82.5,84.6 | 25.0,22.2 | 0 {} | 0 | 9 | 1 | 267 | 9/9 | 3/3 | 1 | 0 | OWN-POPUP ['tooltip near account icon'] | OWN-POPUP ['tooltip: Administrator: PowerShell 7 preview (x64)'] | (25, 0, 2, 3) | 0 | [(('window', 'Web browser'), 6), (('window', 'Microsoft Edge'), 3), (('window', 'Windows PowerShell'), 3), (('window', 'Azure Portal'), 1)]
      FARNEWPAIR (145, (267, 0), 'Subscription: sub-global', '=>', 'Correlation ID: 00000000-0000')
      false term: [(154, 'b36', 'l.io')]
      f150: {'wrong': [('Resource group : RG1-KodeKloud', ': Succeeded (Running) + Status'), ('Integrations + Container insights', 'Enabled')], 'missing': [('Status', ': Succeeded (Running)'), ('Container insights', 'Enabled'), ('Workspace resource ID', 'DefaultWorkspace-00000000-0000')]}
p13:smoke-cg030-r2 | 1.45 | 2 | 0 | 2 {'link_malformed': 1, 'link_already_linked': 1} | 1.2,1.2 | 10/38/6 | 0 | 85.0,87.2 | 25.0,33.3 | 0 {} | 1 | 4 | 1 | 183 | 9/9 | 3/3 | 2 | 0 | OWN-POPUP ['tooltip near toolbar icon'] | OWN-POPUP ['tooltip: Administrator: PowerShell 7 preview (x64)'] | (27, 0, 1, 1) | 0 | [(('window', 'Web browser'), 9), (('window', 'Windows PowerShell'), 2), (('window', 'Presentation'), 1), (('window', 'PowerShell'), 1)]
      RUNJUMP (145, [(0, 24)], 'Introduction to Azure Kub | Work with an expert')
      FARNEWPAIR (147, (183, 0), 'Resource group : RG1-Kode', '=>', 'Activity log')
      false term: [(147, 'b38', 'j.io'), (154, 'b36', 'l.io')]
      f150: {'wrong': [('Resource group : RG1-KodeKloud', 'Activity log')], 'missing': [('Application Gateway ingress + controller', 'Not enabled')]}
p13:smoke-cg025-r1 | 1.45 | 2 | 0 | 2 {'rect_unplaced': 1, 'link_malformed': 1} | 1.2,1.2 | 8/34/6 | 0 | 77.5,79.5 | 37.5,44.4 | 0 {} | 0 | 3 | 1 | 267 | 9/9 | 3/3 | 2 | 0 | OWN-POPUP ['tooltip near toolbar'] | OWN-POPUP ['tooltip: reminder PowerShell 7 preview site'] | (24, 1, 0, 3) | 0 | [(('window', 'Web browser'), 9), (('window', 'Windows PowerShell'), 3), (('window', 'Presentation'), 1), (('popup', 'Web browser'), 1)]
      FARNEWPAIR (145, (267, 0), 'Subscription: sub-global', '=>', 'Correlation ID: 00000000-0000')
      false term: [(147, 'b38', 'j.io'), (154, 'b36', 'l.io')]
      f150: {'partial': [('Application Gateway ingress', 'Not enabled')], 'missing': [('Kubernetes version', ':1.24.10'), ('Node sizes', 'Standard_DS2_v2'), ('Encryption type', 'Encryption at-rest with a plat')]}
p13:smoke-cg025-r2 | 1.45 | 2 | 0 | 0 {} | 0.8,0.8 | 8/37/6 | 2 | 82.5,84.6 | 37.5,44.4 | 0 {} | 0 | 4 | 0 | 144 | 9/9 | 3/3 | 2 | 0 | OWN-POPUP ['tooltip'] | OWN-POPUP ['tooltip: reinstatiate PowerShell 7 preview x64'] | (26, 1, 0, 1) | 0 | [(('window', 'Web browser'), 9), (('window', 'Windows PowerShell'), 3), (('window', 'Presentation'), 1), (('popup', 'Web browser'), 1)]
      false term: [(147, 'b38', 'j.io'), (154, 'b36', 'l.io')]
      f150: {'partial': [('Application Gateway ingress', 'Not enabled')], 'missing': [('Kubernetes version', ':1.24.10')]}
p13:smoke-cg020-r1 | 1.45 | 4 | 0 | 0 {} | 4.3,4.3 | 11/28/6 | 0 | 65.0,69.2 | 37.5,33.3 | 0 {} | 0 | 1 | 0 | 183 | 1/9 | 1/3 | 0 | 0 | OWN-POPUP ['Search/address bar suggestions'] | OWN-POPUP ['tooltip: Automated: Powershell/Loadtest/etc.'] | (20, 0, 1, 8) | 0 | [(('window', 'Web browser'), 9), (('popup', 'Windows PowerShell'), 2), (('window', 'Presentation'), 1), (('popup', 'Web browser'), 1)]
      missed term: [(147, 'b39', 'P', '□'), (147, 'b40', 'P', '×'), (147, 'b42', 'P', 'Administrator: PowerShell 7-pr'), (147, 'b46', 'P', 'PS C:\\Users\\msadmin>'), (154, 'b37', 'P', '□'), (154, 'b38', 'P', '×'), (154, 'b40', 'P', 'Administrator: PowerShell 7-pr'), (154, 'b44', 'P', 'PS C:\\Users\\msadmin>')]
      f150: {'wrong': [('Activity log', 'Resource group : RG1-KodeKloud')], 'missing': [('Kubernetes version', ':1.24.10'), ('Status', ': Succeeded (Running)'), ('Location', ': Southeast Asia'), ('Application Gateway ingress + controller', 'Not enabled'), ('Container insights', 'Enabled'), ('Workspace resource ID', 'DefaultWorkspace-00000000-0000'), ('Subscription', ': sub-global'), ('Tags (edit)', ': Click here to add tags')]}
p13:smoke-cg020-r2 | 1.45 | 3 | 0 | 0 {} | 3.1,3.1 | 9/37/6 | 0 | 77.5,79.5 | 37.5,33.3 | 0 {} | 1 | 6 | 2 | 267 | 5/9 | 2/3 | 1 | 0 | OWN-POPUP ['tooltip near account/settings icons'] | OWN-POPUP ['tooltip'] | (24, 1, 0, 3) | 0 | [(('window', 'Web browser'), 10), (('window', 'Presentation'), 1), (('window', 'Windows PowerShell'), 1), (('popup', 'Microsoft Azure portal'), 1)]
      RUNJUMP (145, [(0, 24)], 'Introduction to Azure Kub | Work with an expert')
      FARNEWPAIR (145, (267, 0), 'Subscription: sub-global', '=>', 'Correlation ID: 00000000-0000')
      FARNEWPAIR (154, (194, 0), 'Backup (preview)', '=>', 'Authentication and Author')
      missed term: [(154, 'b37', 'P', '□'), (154, 'b38', 'P', '×'), (154, 'b40', 'P', 'Administrator: PowerShell 7-pr'), (154, 'b44', 'P', 'PS C:\\Users\\msadmin>')]
      false term: [(147, 'b38', 'j.io')]
      f150: {'partial': [('Application Gateway ingress', 'Not enabled')], 'missing': [('Kubernetes version', ':1.24.10'), ('Node sizes', 'Standard_DS2_v2'), ('Encryption type', 'Encryption at-rest with a plat')]}

== PER SET (mean of repeats; P10's analysis columns). First row = ids100 vs the other ids100 (noise).
set | pairs repro % | runs repro % | cont differs % | term boxes (of 9) | false term | tooltips own popup (of 4, 2 runs) | f150 correct/wrong/missing (sum of 2 runs; partial) | links run/pair/rec | repairs (kinds, sum) | cont/rec | off-row pairs r1,r2 | run jumps | pairs in neither ref r1,r2 | of which gap>150 | desc mechanism hits r1,r2
p10:ids100 (n=2) | 96.2 | 94.4 | 0.0 | 9.0 | 0.0 | 4 | 56/2/0 (partial 0) | 8.5/39.5/6.0 | 0 {} | 1.45 | 0,0 | 0,0 | 0,0 | 0,0 | 0,0
p10:coords100 (n=2) | 93.7 | 73.6 | 0.2 | 9.0 | 0.5 | 4 | 54/2/2 (partial 0) | 8.5/40.0/6.0 | 4 {'link_malformed': 3, 'rect_unplaced': 1} | 1.45 | 0,0 | 0,0 | 1,5 | 0,0 | 1,0
p10:ids067 (n=2) | 92.4 | 94.1 | 0.0 | 9.0 | 0.0 | 4 | 55/2/1 (partial 0) | 9.5/39.0/6.0 | 0 {} | 1.45 | 0,0 | 0,0 | 2,3 | 0,0 | 0,0
p12:coords067 (n=2) | 92.4 | 70.5 | 0.4 | 9.0 | 1.0 | 4 | 54/0/2 (partial 0) | 9.0/38.0/6.0 | 0 {} | 1.45 | 0,0 | 0,0 | 2,1 | 0,0 | 1,0
p10:ids050 (n=2) | 91.2 | 82.6 | 0.8 | 9.0 | 2.0 | 3 | 54/3/1 (partial 1) | 7.0/42.5/6.0 | 0 {} | 1.45 | 1,0 | 0,0 | 7,6 | 3,2 | 1,0
p12:coords050 (n=2) | 91.2 | 73.6 | 0.6 | 8.5 | 0.0 | 4 | 54/0/1 (partial 1) | 8.0/40.5/6.0 | 5 {'link_malformed': 5} | 1.41 | 1,0 | 1,0 | 2,7 | 1,0 | 1,0
p13:cg040 (n=2) | 84.8 | 41.0 | 0.8 | 8.5 | 1.5 | 3 | 51/2/4 (partial 1) | 8.0/37.5/6.0 | 2 {'link_already_linked': 2} | 1.45 | 1,0 | 0,1 | 3,5 | 0,0 | 0,1
p13:cg030 (n=2) | 84.8 | 26.4 | 1.0 | 9.0 | 1.5 | 4 | 52/3/4 (partial 0) | 9.0/40.0/6.0 | 3 {'link_malformed': 2, 'link_already_linked': 1} | 1.45 | 0,0 | 0,1 | 9,4 | 1,1 | 0,0
p13:cg025 (n=2) | 81.0 | 41.0 | 1.0 | 9.0 | 2.0 | 4 | 50/0/4 (partial 2) | 8.0/35.5/6.0 | 2 {'rect_unplaced': 1, 'link_malformed': 1} | 1.45 | 0,0 | 0,0 | 3,4 | 1,0 | 0,0
p13:cg020 (n=2) | 72.8 | 35.4 | 3.7 | 3.0 | 0.5 | 4 | 44/1/11 (partial 1) | 10.0/32.5/6.0 | 0 {} | 1.45 | 0,0 | 0,1 | 1,6 | 0,2 | 0,0
