run | scale | calls | rectangles | exact | exact % | overlap IoU>=.5 / <.5 | nearest | dropped | inexact by field | frames with an inexact rect | not 4 ints | max |dx| among inexact
smoke-cg020-r1 | 0.2 | 11 | 382 | 382 | 100.00 | 0 / 0 | 0 | 0 | {} | [] | 0 | 0
smoke-cg020-r2 | 0.2 | 11 | 395 | 395 | 100.00 | 0 / 0 | 0 | 0 | {} | [] | 0 | 0
span2-cg020-r1 | 0.2 | 33 | 559 | 559 | 100.00 | 0 / 0 | 0 | 0 | {} | [] | 0 | 0
span2-cg020-r2 | 0.2 | 33 | 564 | 564 | 100.00 | 0 / 0 | 0 | 0 | {} | [] | 0 | 0
smoke-cg025-r1 | 0.25 | 11 | 383 | 382 | 99.74 | 0 / 0 | 0 | 1 | {'pair': 1} | [154] | 0 | 0
      (154, 'pair', [74, 102, 75, 102], None, 'dropped')
smoke-cg025-r2 | 0.25 | 11 | 391 | 391 | 100.00 | 0 / 0 | 0 | 0 | {} | [] | 0 | 0
span2-cg025-r1 | 0.25 | 33 | 561 | 561 | 100.00 | 0 / 0 | 0 | 0 | {} | [] | 0 | 0
span2-cg025-r2 | 0.25 | 33 | 572 | 572 | 100.00 | 0 / 0 | 0 | 0 | {} | [] | 0 | 0
smoke-cg030-r1 | 0.3 | 11 | 410 | 409 | 99.76 | 0 / 1 | 0 | 0 | {'pair': 1} | [148] | 0 | 96
      (148, 'pair', [389, 104, 510, 111], (349, 104, 414, 111), 0.16, 'Network type (plugin) : Azure ')
smoke-cg030-r2 | 0.3 | 11 | 403 | 403 | 100.00 | 0 / 0 | 0 | 0 | {} | [] | 0 | 0
span2-cg030-r1 | 0.3 | 33 | 586 | 586 | 100.00 | 0 / 0 | 0 | 0 | {} | [] | 0 | 0
span2-cg030-r2 | 0.3 | 33 | 577 | 577 | 100.00 | 0 / 0 | 0 | 0 | {} | [] | 0 | 0
smoke-cg040-r1 | 0.4 | 11 | 398 | 398 | 100.00 | 0 / 0 | 0 | 0 | {} | [] | 0 | 0
smoke-cg040-r2 | 0.4 | 11 | 397 | 397 | 100.00 | 0 / 0 | 0 | 0 | {} | [] | 0 | 0
span2-cg040-r1 | 0.4 | 33 | 566 | 566 | 100.00 | 0 / 0 | 0 | 0 | {} | [] | 0 | 0
span2-cg040-r2 | 0.4 | 33 | 572 | 572 | 100.00 | 0 / 0 | 0 | 0 | {} | [] | 0 | 0
smoke-ct020-r1 | 0.2 | 11 | 608 | 608 | 100.00 | 0 / 0 | 0 | 0 | {} | [] | 0 | 0
smoke-ct020-r2 | 0.2 | 11 | 638 | 638 | 100.00 | 0 / 0 | 0 | 0 | {} | [] | 0 | 0
span2-ct020-r1 | 0.2 | 33 | 956 | 956 | 100.00 | 0 / 0 | 0 | 0 | {} | [] | 0 | 0
span2-ct020-r2 | 0.2 | 33 | 970 | 970 | 100.00 | 0 / 0 | 0 | 0 | {} | [] | 0 | 0
smoke-ct025-r1 | 0.25 | 11 | 645 | 645 | 100.00 | 0 / 0 | 0 | 0 | {} | [] | 0 | 0
smoke-ct025-r2 | 0.25 | 11 | 638 | 638 | 100.00 | 0 / 0 | 0 | 0 | {} | [] | 0 | 0
span2-ct025-r1 | 0.25 | 33 | 981 | 981 | 100.00 | 0 / 0 | 0 | 0 | {} | [] | 0 | 0
span2-ct025-r2 | 0.25 | 33 | 992 | 990 | 99.80 | 0 / 0 | 0 | 2 | {'pair': 2} | [182] | 2 | 0
smoke-ct030-r1 | 0.3 | 11 | 652 | 652 | 100.00 | 0 / 0 | 0 | 0 | {} | [] | 0 | 0
smoke-ct030-r2 | 0.3 | 11 | 646 | 643 | 99.54 | 3 / 0 | 0 | 0 | {'assign': 1, 'pair': 1, 'text': 1} | [148] | 0 | 2
      (148, 'assign', [390, 113, 418, 118], (390, 113, 418, 120), 0.71, ': 1 node pool')
      (148, 'pair', [390, 113, 418, 118], (390, 113, 418, 120), 0.71, ': 1 node pool')
      (148, 'text', [390, 113, 418, 118], (390, 113, 418, 120), 0.71, ': 1 node pool')
span2-ct030-r1 | 0.3 | 33 | 989 | 989 | 100.00 | 0 / 0 | 0 | 0 | {} | [] | 0 | 0
span2-ct030-r2 | 0.3 | 33 | 988 | 988 | 100.00 | 0 / 0 | 0 | 0 | {} | [] | 0 | 0
smoke-ct040-r1 | 0.4 | 11 | 651 | 651 | 100.00 | 0 / 0 | 0 | 0 | {} | [] | 0 | 0
smoke-ct040-r2 | 0.4 | 11 | 640 | 640 | 100.00 | 0 / 0 | 0 | 0 | {} | [] | 0 | 0
span2-ct040-r1 | 0.4 | 33 | 981 | 981 | 100.00 | 0 / 0 | 0 | 0 | {} | [] | 0 | 0
span2-ct040-r2 | 0.4 | 33 | 991 | 991 | 100.00 | 0 / 0 | 0 | 0 | {} | [] | 0 | 0
smoke-ct050-r1 | 0.5 | 11 | 654 | 654 | 100.00 | 0 / 0 | 0 | 0 | {} | [] | 0 | 0
smoke-ct050-r2 | 0.5 | 11 | 661 | 659 | 99.70 | 2 / 0 | 0 | 0 | {'pair': 2} | [148] | 0 | 1
      (148, 'pair', [601, 422, 667, 434], (600, 422, 667, 434), 0.99, 'Authorized IP ranges')
      (148, 'pair', [151, 189, 192, 199], (150, 189, 192, 199), 0.98, 'Subscription')
span2-ct050-r1 | 0.5 | 33 | 999 | 998 | 99.90 | 0 / 0 | 0 | 1 | {'pair': 1} | [183] | 0 | 0
      (183, 'pair', [705, 307, 712, 317], None, 'dropped')
span2-ct050-r2 | 0.5 | 33 | 986 | 986 | 100.00 | 0 / 0 | 0 | 0 | {} | [] | 0 | 0
smoke-ct067-r1 | 0.67 | 11 | 652 | 651 | 99.85 | 1 / 0 | 0 | 0 | {'pair': 1} | [148] | 0 | 1
      (148, 'pair', [805, 566, 894, 582], (804, 566, 894, 582), 0.99, 'Authorized IP ranges')
smoke-ct067-r2 | 0.67 | 11 | 649 | 649 | 100.00 | 0 / 0 | 0 | 0 | {} | [] | 0 | 0
span2-ct067-r1 | 0.67 | 33 | 997 | 995 | 99.80 | 2 / 0 | 0 | 0 | {'record': 1, 'pair': 1} | [183, 185] | 0 | 10
      (185, 'record', [1189, 229, 1202, 245], (1179, 227, 1202, 245), 0.5, 'Yes')
      (183, 'pair', [774, 213, 797, 228], (773, 213, 797, 228), 0.96, 'Size')
span2-ct067-r2 | 0.67 | 33 | 987 | 986 | 99.90 | 1 / 0 | 0 | 0 | {'pair': 1} | [183] | 0 | 1
      (183, 'pair', [774, 213, 797, 228], (773, 213, 797, 228), 0.96, 'Size')
smoke-ct100-r1 | 1.0 | 11 | 648 | 648 | 100.00 | 0 / 0 | 0 | 0 | {} | [] | 0 | 0
smoke-ct100-r2 | 1.0 | 11 | 654 | 653 | 99.85 | 0 / 0 | 0 | 1 | {'pair': 1} | [148] | 0 | 0
      (148, 'pair', [1419, 619, 1430, 640], None, 'dropped')
span2-ct100-r1 | 1.0 | 33 | 985 | 985 | 100.00 | 0 / 0 | 0 | 0 | {} | [] | 0 | 0
span2-ct100-r2 | 1.0 | 33 | 980 | 980 | 100.00 | 0 / 0 | 0 | 0 | {} | [] | 0 | 0

== per mode x scale (both spans, both repeats)
cg 0.4 | rects 1933 | exact 1933 (100.00%) | overlap 0/0 | nearest 0 | dropped 0
cg 0.3 | rects 1976 | exact 1975 (99.95%) | overlap 0/1 | nearest 0 | dropped 0
cg 0.25 | rects 1907 | exact 1906 (99.95%) | overlap 0/0 | nearest 0 | dropped 1
cg 0.2 | rects 1900 | exact 1900 (100.00%) | overlap 0/0 | nearest 0 | dropped 0
ct 1.0 | rects 3267 | exact 3266 (99.97%) | overlap 0/0 | nearest 0 | dropped 1
ct 0.67 | rects 3285 | exact 3281 (99.88%) | overlap 4/0 | nearest 0 | dropped 0
ct 0.5 | rects 3300 | exact 3297 (99.91%) | overlap 2/0 | nearest 0 | dropped 1
ct 0.4 | rects 3263 | exact 3263 (100.00%) | overlap 0/0 | nearest 0 | dropped 0
ct 0.3 | rects 3275 | exact 3272 (99.91%) | overlap 3/0 | nearest 0 | dropped 0
ct 0.25 | rects 3256 | exact 3254 (99.94%) | overlap 0/0 | nearest 0 | dropped 2
ct 0.2 | rects 3172 | exact 3172 (100.00%) | overlap 0/0 | nearest 0 | dropped 0
TOTAL {'exact': 30519, 'rects': 30534, 'dropped': 5, 'overlap<0.5': 1, 'overlap>=0.5': 9} exact 99.951%
